Component: ARM Compiler 5.05 update 2 (build 169) Tool: armlink [4d0f33]

==============================================================================

Section Cross References

    startup_stm32f40xx.o(STACK) refers (Special) to heapauxi.o(.text) for __use_two_region_memory
    startup_stm32f40xx.o(HEAP) refers (Special) to heapauxi.o(.text) for __use_two_region_memory
    startup_stm32f40xx.o(RESET) refers (Special) to heapauxi.o(.text) for __use_two_region_memory
    startup_stm32f40xx.o(RESET) refers to startup_stm32f40xx.o(STACK) for __initial_sp
    startup_stm32f40xx.o(RESET) refers to startup_stm32f40xx.o(.text) for Reset_Handler
    startup_stm32f40xx.o(RESET) refers to stm32f4xx_it.o(.text) for NMI_Handler
    startup_stm32f40xx.o(RESET) refers to usart.o(.text) for USART3_IRQHandler
    startup_stm32f40xx.o(.text) refers (Special) to heapauxi.o(.text) for __use_two_region_memory
    startup_stm32f40xx.o(.text) refers to system_stm32f4xx.o(.text) for SystemInit
    startup_stm32f40xx.o(.text) refers to __main.o(!!!main) for __main
    startup_stm32f40xx.o(.text) refers to startup_stm32f40xx.o(HEAP) for Heap_Mem
    startup_stm32f40xx.o(.text) refers to startup_stm32f40xx.o(STACK) for Stack_Mem
    stm32f4xx_gpio.o(.text) refers to stm32f4xx_rcc.o(.text) for RCC_AHB1PeriphResetCmd
    stm32f4xx_i2c.o(.text) refers to stm32f4xx_rcc.o(.text) for RCC_APB1PeriphResetCmd
    stm32f4xx_pwr.o(.text) refers to stm32f4xx_rcc.o(.text) for RCC_APB1PeriphResetCmd
    stm32f4xx_rcc.o(.text) refers to stm32f4xx_rcc.o(.data) for APBAHBPrescTable
    stm32f4xx_rng.o(.text) refers to stm32f4xx_rcc.o(.text) for RCC_AHB2PeriphResetCmd
    stm32f4xx_sdio.o(.text) refers to stm32f4xx_rcc.o(.text) for RCC_APB2PeriphResetCmd
    stm32f4xx_spi.o(.text) refers to stm32f4xx_rcc.o(.text) for RCC_APB2PeriphResetCmd
    stm32f4xx_syscfg.o(.text) refers to stm32f4xx_rcc.o(.text) for RCC_APB2PeriphResetCmd
    stm32f4xx_tim.o(.text) refers to stm32f4xx_rcc.o(.text) for RCC_APB2PeriphResetCmd
    stm32f4xx_usart.o(.text) refers to stm32f4xx_rcc.o(.text) for RCC_APB2PeriphResetCmd
    stm32f4xx_wwdg.o(.text) refers to stm32f4xx_rcc.o(.text) for RCC_APB1PeriphResetCmd
    stm32f4x7_eth.o(.text) refers to _printf_percent.o(.ARM.Collect$$_printf_percent$$00000000) for _printf_percent
    stm32f4x7_eth.o(.text) refers to _printf_d.o(.ARM.Collect$$_printf_percent$$00000009) for _printf_d
    stm32f4x7_eth.o(.text) refers to _printf_x.o(.ARM.Collect$$_printf_percent$$0000000C) for _printf_x
    stm32f4x7_eth.o(.text) refers to _printf_dec.o(.text) for _printf_int_dec
    stm32f4x7_eth.o(.text) refers to _printf_hex_int_ll_ptr.o(.text) for _printf_longlong_hex
    stm32f4x7_eth.o(.text) refers to stm32f4xx_rcc.o(.text) for RCC_AHB1PeriphResetCmd
    stm32f4x7_eth.o(.text) refers to noretval__2printf.o(.text) for __2printf
    stm32f4x7_eth.o(.text) refers to stm32f4x7_eth.o(.conststring) for .conststring
    stm32f4x7_eth.o(.text) refers to stm32f4x7_eth.o(.data) for DMARxDescToGet
    stm32f4x7_eth.o(.text) refers to stm32f4x7_eth.o(.bss) for RX_Frame_Descriptor
    common.o(.text) refers to misc.o(.text) for SysTick_CLKSourceConfig
    common.o(.text) refers to common.o(.data) for fac_us
    ethernetif.o(.text) refers to stm32f4x7_eth.o(.text) for ETH_MACAddressConfig
    ethernetif.o(.text) refers to rt_memcpy_v6.o(.text) for __aeabi_memcpy
    ethernetif.o(.text) refers to pbuf.o(.text) for pbuf_alloc
    ethernetif.o(.text) refers to noretval__2printf.o(.text) for __2printf
    ethernetif.o(.text) refers to stm32f4x7_eth.o(.bss) for Tx_Buff
    ethernetif.o(.text) refers to stm32f4x7_eth.o(.data) for DMATxDescToSet
    ethernetif.o(.text) refers to etharp.o(.text) for etharp_output
    icmp.o(.text) refers to _printf_truncate.o(.text) for _printf_truncate_unsigned
    icmp.o(.text) refers to _printf_percent.o(.ARM.Collect$$_printf_percent$$00000000) for _printf_percent
    icmp.o(.text) refers to _printf_u.o(.ARM.Collect$$_printf_percent$$0000000A) for _printf_u
    icmp.o(.text) refers to _printf_dec.o(.text) for _printf_int_dec
    icmp.o(.text) refers to _printf_c.o(.ARM.Collect$$_printf_percent$$00000013) for _printf_c
    icmp.o(.text) refers to _printf_str.o(.text) for _printf_str
    icmp.o(.text) refers to _printf_d.o(.ARM.Collect$$_printf_percent$$00000009) for _printf_d
    icmp.o(.text) refers to pbuf.o(.text) for pbuf_header
    icmp.o(.text) refers to noretval__2printf.o(.text) for __2printf
    icmp.o(.text) refers to ip_addr.o(.text) for ip4_addr_isbroadcast
    icmp.o(.text) refers to inet_chksum.o(.text) for inet_chksum_pbuf
    icmp.o(.text) refers to ip.o(.text) for ip_output_if
    icmp.o(.text) refers to rt_memcpy_v6.o(.text) for __aeabi_memcpy
    icmp.o(.text) refers to ip.o(.data) for current_iphdr_dest
    inet_chksum.o(.text) refers to _printf_percent.o(.ARM.Collect$$_printf_percent$$00000000) for _printf_percent
[...]
    gprtSetDiscardBCastMode                  0x0800f645   Thumb Code   194  gtportctrl.o(.text)
    gprtGetFCOnRateLimitMode                 0x0800f707   Thumb Code   112  gtportctrl.o(.text)
    gprtSetFCOnRateLimitMode                 0x0800f777   Thumb Code    96  gtportctrl.o(.text)
    gprtSetSAFiltering                       0x0800f7d7   Thumb Code   102  gtportctrl.o(.text)
    gprtGetSAFiltering                       0x0800f83d   Thumb Code   106  gtportctrl.o(.text)
    gprtSetARPtoCPU                          0x0800f8a7   Thumb Code   144  gtportctrl.o(.text)
    gprtGetARPtoCPU                          0x0800f937   Thumb Code   416  gtportctrl.o(.text)
    gprtSetEgressFlood                       0x0800fad7   Thumb Code   102  gtportctrl.o(.text)
    gprtGetEgressFlood                       0x0800fb3d   Thumb Code   106  gtportctrl.o(.text)
    gportSetQueueCtrl                        0x0800fba7   Thumb Code   110  gtportctrl.o(.text)
    gprtSetPortSched                         0x0800fc15   Thumb Code   252  gtportctrl.o(.text)
    gportGetQueueCtrl                        0x0800fd11   Thumb Code   110  gtportctrl.o(.text)
    gprtGetPortSched                         0x0800fd7f   Thumb Code   528  gtportctrl.o(.text)
    gprtSetProviderTag                       0x0800ff8f   Thumb Code    92  gtportctrl.o(.text)
    gprtGetProviderTag                       0x0800ffeb   Thumb Code    92  gtportctrl.o(.text)
    gportSetFlowCtrl                         0x08010047   Thumb Code    92  gtportctrl.o(.text)
    gprtSetPauseLimitOut                     0x080100a3   Thumb Code   138  gtportctrl.o(.text)
    gportGetFlowCtrl                         0x0801012d   Thumb Code    92  gtportctrl.o(.text)
    gprtGetPauseLimitOut                     0x08010189   Thumb Code   124  gtportctrl.o(.text)
    gprtSetPauseLimitIn                      0x08010205   Thumb Code   150  gtportctrl.o(.text)
    gprtGetPauseLimitIn                      0x0801029b   Thumb Code   136  gtportctrl.o(.text)
    gprtSetQtoPause                          0x08010323   Thumb Code    58  gtportctrl.o(.text)
    gprtGetQtoPause                          0x0801035d   Thumb Code   380  gtportctrl.o(.text)
    gprtSetRxPFCEn                           0x080104d9   Thumb Code   206  gtportctrl.o(.text)
    gprtGetRxPFCEn                           0x080105a7   Thumb Code   162  gtportctrl.o(.text)
    gprtSetTxPFCEn                           0x08010649   Thumb Code   206  gtportctrl.o(.text)
    gprtGetTxPFCEn                           0x08010717   Thumb Code   162  gtportctrl.o(.text)
    gprtSetRxPFCtoQ                          0x080107b9   Thumb Code   192  gtportctrl.o(.text)
    gprtGetRxPFCtoQ                          0x08010879   Thumb Code   318  gtportctrl.o(.text)
    gprtSetTxPFCtoQ                          0x080109b7   Thumb Code   192  gtportctrl.o(.text)
    gprtGetTxPFCtoQ                          0x08010a77   Thumb Code   150  gtportctrl.o(.text)
    gprtSetFrameMode                         0x08010b0d   Thumb Code   132  gtportctrl.o(.text)
    gprtGetFrameMode                         0x08010b91   Thumb Code   104  gtportctrl.o(.text)
    gprtSetHoldAt1                           0x08010bf9   Thumb Code   108  gtportctrl.o(.text)
    gprtGetHoldAt1                           0x08010c65   Thumb Code   112  gtportctrl.o(.text)
    gprtSetIntOnAgeOut                       0x08010cd5   Thumb Code   108  gtportctrl.o(.text)
    gprtGetIntOnAgeOut                       0x08010d41   Thumb Code   352  gtportctrl.o(.text)
    gprtSetRefreshLocked                     0x08010ea1   Thumb Code   108  gtportctrl.o(.text)
    gprtGetRefreshLocked                     0x08010f0d   Thumb Code   112  gtportctrl.o(.text)
    gprtSetPortEType                         0x08010f7d   Thumb Code    92  gtportctrl.o(.text)
    gprtGetPortEType                         0x08010fd9   Thumb Code    96  gtportctrl.o(.text)
    gsysSetJumboMode                         0x08011039   Thumb Code   112  gtportctrl.o(.text)
    gsysGetJumboMode                         0x080110a9   Thumb Code   104  gtportctrl.o(.text)
    gprtGet200Base                           0x08011111   Thumb Code   118  gtportctrl.o(.text)
    gprtSet200Base                           0x08011187   Thumb Code   114  gtportctrl.o(.text)
    gprtGetSwitchReg                         0x080111f9   Thumb Code    64  gtportctrl.o(.text)
    gprtSetSwitchReg                         0x08011239   Thumb Code   370  gtportctrl.o(.text)
    gprtGetGlobalReg                         0x080113ab   Thumb Code    46  gtportctrl.o(.text)
    gprtSetGlobalReg                         0x080113d9   Thumb Code    40  gtportctrl.o(.text)
    gprtGetGlobal2Reg                        0x08011401   Thumb Code    46  gtportctrl.o(.text)
    gprtSetGlobal2Reg                        0x0801142f   Thumb Code    40  gtportctrl.o(.text)
    gprtGetGlobal3Reg                        0x08011457   Thumb Code    46  gtportctrl.o(.text)
    gprtSetGlobal3Reg                        0x08011485   Thumb Code    40  gtportctrl.o(.text)
    gprtSetQueueCtrl                         0x080114ad   Thumb Code   222  gtportctrl.o(.text)
    gprtGetQueueCtrl                         0x0801158b   Thumb Code   184  gtportctrl.o(.text)
    gprtGetDebugCounter                      0x08011643   Thumb Code   138  gtportctrl.o(.text)
    gprtSetCutThrough                        0x080116cd   Thumb Code   118  gtportctrl.o(.text)
    gprtGetCutThrough                        0x08011743   Thumb Code   304  gtportctrl.o(.text)
    gsysSetDefQpri                           0x08011873   Thumb Code   160  gtportctrl.o(.text)
    gsysGetDefQpri                           0x08011913   Thumb Code   186  gtportctrl.o(.text)
    gprtSetAllowVid0                         0x080119cd   Thumb Code   104  gtportctrl.o(.text)
    gprtGetAllowVid0                         0x08011a35   Thumb Code   108  gtportctrl.o(.text)
    gprtSetPortCtrl3                         0x08011aa1   Thumb Code    86  gtportctrl.o(.text)
    gprtGetPortCtrl3                         0x08011af7   Thumb Code    86  gtportctrl.o(.text)
    gpavSetPAV                               0x08011bf9   Thumb Code   132  gtportpav.o(.text)
    gpavGetPAV                               0x08011c7d   Thumb Code   134  gtportpav.o(.text)
    gpavSetIngressMonitor                    0x08011d03   Thumb Code   104  gtportpav.o(.text)
    gpavGetIngressMonitor                    0x08011d6b   Thumb Code   120  gtportpav.o(.text)
    qdUnloadDriver                           0x08012075   Thumb Code  1066  gtsysconfig.o(.text)
    qd_madInit                               0x0801249f   Thumb Code    38  gtsysconfig.o(.text)
    qdLoadDriver                             0x080125af   Thumb Code  4062  gtsysconfig.o(.text)
    sysEnable                                0x0801358d   Thumb Code    26  gtsysconfig.o(.text)
    qdLong2Char                              0x080135a7   Thumb Code    10  gtsysconfig.o(.text)
    qdShort2Char                             0x080135b1   Thumb Code    12  gtsysconfig.o(.text)
    qdLong2Short                             0x080135bd   Thumb Code    26  gtsysconfig.o(.text)
    qdLonglong2Long                          0x080135d7   Thumb Code    26  gtsysconfig.o(.text)
    gsysSwReset                              0x08013609   Thumb Code   134  gtsysctrl.o(.text)
    gsysSetPPUEn                             0x0801368f   Thumb Code   114  gtsysctrl.o(.text)
    gsysGetPPUEn                             0x08013701   Thumb Code   130  gtsysctrl.o(.text)
    gsysSetDiscardExcessive                  0x08013783   Thumb Code    62  gtsysctrl.o(.text)
    gsysGetDiscardExcessive                  0x080137c1   Thumb Code    78  gtsysctrl.o(.text)
    gsysSetSchedulingMode                    0x0801380f   Thumb Code    94  gtsysctrl.o(.text)
    gsysGetSchedulingMode                    0x0801386d   Thumb Code   108  gtsysctrl.o(.text)
    gsysSetHashMulticast                     0x080138d9   Thumb Code   124  gtsysctrl.o(.text)
    gsysGetHashMulticast                     0x08013955   Thumb Code   480  gtsysctrl.o(.text)
    gsysSetMaxFrameSize                      0x08013b35   Thumb Code   100  gtsysctrl.o(.text)
    gsysGetMaxFrameSize                      0x08013b99   Thumb Code   116  gtsysctrl.o(.text)
    gsysReLoad                               0x08013c0d   Thumb Code    82  gtsysctrl.o(.text)
    gsysSetWatchDog                          0x08013c5f   Thumb Code   106  gtsysctrl.o(.text)
    gsysGetWatchDog                          0x08013cc9   Thumb Code   124  gtsysctrl.o(.text)
    gsysSetDuplexPauseMac                    0x08013dc3   Thumb Code   174  gtsysctrl.o(.text)
    gsysGetDuplexPauseMac                    0x08013fcd   Thumb Code   190  gtsysctrl.o(.text)
    gsysSetPerPortDuplexPauseMac             0x0801412b   Thumb Code   120  gtsysctrl.o(.text)
    gsysGetPerPortDuplexPauseMac             0x0801421f   Thumb Code   138  gtsysctrl.o(.text)
    gsysReadMiiReg                           0x080142a9   Thumb Code    58  gtsysctrl.o(.text)
    gsysWriteMiiReg                          0x080142e3   Thumb Code    52  gtsysctrl.o(.text)
    gsysSetRetransmitMode                    0x08014317   Thumb Code   108  gtsysctrl.o(.text)
    gsysGetRetransmitMode                    0x08014383   Thumb Code   376  gtsysctrl.o(.text)
    gsysSetLimitBackoff                      0x080144fb   Thumb Code   108  gtsysctrl.o(.text)
    gsysGetLimitBackoff                      0x08014567   Thumb Code   126  gtsysctrl.o(.text)
    gsysSetRsvReqPri                         0x080145e5   Thumb Code   108  gtsysctrl.o(.text)
    gsysGetRsvReqPri                         0x08014651   Thumb Code   126  gtsysctrl.o(.text)
    gsysSetCascadePort                       0x080146cf   Thumb Code   108  gtsysctrl.o(.text)
    gsysGetCascadePort                       0x0801473b   Thumb Code   118  gtsysctrl.o(.text)
    gsysSetDeviceNumber                      0x080147b1   Thumb Code    86  gtsysctrl.o(.text)
    gsysGetDeviceNumber                      0x08014807   Thumb Code    90  gtsysctrl.o(.text)
    gsysSetCoreTagType                       0x08014861   Thumb Code    74  gtsysctrl.o(.text)
    gsysGetCoreTagType                       0x080148ab   Thumb Code   384  gtsysctrl.o(.text)
    gsysSetIngressMonitorDest                0x08014a2b   Thumb Code   152  gtsysctrl.o(.text)
    gsysGetIngressMonitorDest                0x08014ac3   Thumb Code   152  gtsysctrl.o(.text)
    gsysSetEgressMonitorDest                 0x08014b5b   Thumb Code   152  gtsysctrl.o(.text)
    gsysGetEgressMonitorDest                 0x08014bf3   Thumb Code   152  gtsysctrl.o(.text)
    gsysSetARPDest                           0x08014c8b   Thumb Code   152  gtsysctrl.o(.text)
    gsysGetARPDest                           0x08014d23   Thumb Code   152  gtsysctrl.o(.text)
    gsysSetRsvd2CpuEnables                   0x08014dbb   Thumb Code   440  gtsysctrl.o(.text)
    gsysGetRsvd2CpuEnables                   0x08014f73   Thumb Code   164  gtsysctrl.o(.text)
    gsysSetRsvd2Cpu                          0x08015017   Thumb Code   134  gtsysctrl.o(.text)
    gsysGetRsvd2Cpu                          0x0801509d   Thumb Code   140  gtsysctrl.o(.text)
    gsysSetMGMTPri                           0x08015129   Thumb Code    94  gtsysctrl.o(.text)
    gsysGetMGMTPri                           0x08015187   Thumb Code    80  gtsysctrl.o(.text)
    gsysSetUseDoubleTagData                  0x080151d7   Thumb Code    88  gtsysctrl.o(.text)
    gsysGetUseDoubleTagData                  0x0801522f   Thumb Code    92  gtsysctrl.o(.text)
    gsysSetPreventLoops                      0x0801528b   Thumb Code   426  gtsysctrl.o(.text)
    gsysGetPreventLoops                      0x08015435   Thumb Code    92  gtsysctrl.o(.text)
    gsysSetFlowControlMessage                0x08015491   Thumb Code    92  gtsysctrl.o(.text)
    gsysGetFlowControlMessage                0x080154ed   Thumb Code    96  gtsysctrl.o(.text)
    gsysSetForceFlowControlPri               0x0801554d   Thumb Code   104  gtsysctrl.o(.text)
    gsysGetForceFlowControlPri               0x080155b5   Thumb Code   108  gtsysctrl.o(.text)
    gsysSetFCPri                             0x08015621   Thumb Code   108  gtsysctrl.o(.text)
    gsysGetFCPri                             0x0801568d   Thumb Code    92  gtsysctrl.o(.text)
    gsysSetFlowCtrlDelay                     0x080156e9   Thumb Code   258  gtsysctrl.o(.text)
    gsysGetFlowCtrlDelay                     0x080157eb   Thumb Code   618  gtsysctrl.o(.text)
    gsysSetDevRoutingTable                   0x08015a55   Thumb Code   222  gtsysctrl.o(.text)
    gsysGetDevRoutingTable                   0x08015b33   Thumb Code   256  gtsysctrl.o(.text)
    gsysSetTrunkMaskTable                    0x08015c33   Thumb Code   318  gtsysctrl.o(.text)
    gsysGetTrunkMaskTable                    0x08015d71   Thumb Code   558  gtsysctrl.o(.text)
    gsysSetHashTrunk                         0x08015f9f   Thumb Code   110  gtsysctrl.o(.text)
    gsysGetHashTrunk                         0x0801600d   Thumb Code   114  gtsysctrl.o(.text)
    gsysSetTrunkRouting                      0x0801607f   Thumb Code   384  gtsysctrl.o(.text)
    gsysGetTrunkRouting                      0x080161ff   Thumb Code   532  gtsysctrl.o(.text)
    gsysSetRateLimitMode                     0x08016413   Thumb Code   136  gtsysctrl.o(.text)
    gsysGetRateLimitMode                     0x0801649b   Thumb Code   122  gtsysctrl.o(.text)
    gsysSetAgeInt                            0x08016515   Thumb Code   156  gtsysctrl.o(.text)
    gsysGetAgeInt                            0x080165b1   Thumb Code   160  gtsysctrl.o(.text)
    gsysSetForceSnoopPri                     0x08016651   Thumb Code    88  gtsysctrl.o(.text)
    gsysGetForceSnoopPri                     0x080166a9   Thumb Code    92  gtsysctrl.o(.text)
    gsysSetSnoopPri                          0x08016705   Thumb Code   338  gtsysctrl.o(.text)
    gsysGetSnoopPri                          0x08016857   Thumb Code    76  gtsysctrl.o(.text)
    gsysSetForceARPPri                       0x080168a3   Thumb Code    88  gtsysctrl.o(.text)
    gsysGetForceARPPri                       0x080168fb   Thumb Code    92  gtsysctrl.o(.text)
    gsysSetARPPri                            0x08016957   Thumb Code    90  gtsysctrl.o(.text)
    gsysGetARPPri                            0x080169b1   Thumb Code    76  gtsysctrl.o(.text)
    gsysSetUsePortSchedule                   0x080169fd   Thumb Code    88  gtsysctrl.o(.text)
    gsysGetUsePortSchedule                   0x08016a55   Thumb Code    92  gtsysctrl.o(.text)
    gsysSetOldHader                          0x08016ab1   Thumb Code    88  gtsysctrl.o(.text)
    gsysGetOldHader                          0x08016b09   Thumb Code    92  gtsysctrl.o(.text)
    gsysSetRecursiveStrippingDisable         0x08016b65   Thumb Code    88  gtsysctrl.o(.text)
    gsysGetRecursiveStrippingDisable         0x08016bbd   Thumb Code   440  gtsysctrl.o(.text)
    gsysSetCPUPort                           0x08016d75   Thumb Code    96  gtsysctrl.o(.text)
    gsysGetCPUPort                           0x08016dd5   Thumb Code    92  gtsysctrl.o(.text)
    gsysSetCPUDest                           0x08016e31   Thumb Code    16  gtsysctrl.o(.text)
    gsysGetCPUDest                           0x08016e41   Thumb Code    16  gtsysctrl.o(.text)
    gsysSetMirrorDest                        0x08016e51   Thumb Code   154  gtsysctrl.o(.text)
    gsysGetMirrorDest                        0x08016eeb   Thumb Code   154  gtsysctrl.o(.text)
    gsysSetRMPort                            0x08016f85   Thumb Code   146  gtsysctrl.o(.text)
    gsysGetRMPort                            0x08017017   Thumb Code   140  gtsysctrl.o(.text)
    gsysSetRMDACheck                         0x080170a3   Thumb Code   154  gtsysctrl.o(.text)
    gsysGetRMDACheck                         0x0801713d   Thumb Code   408  gtsysctrl.o(.text)
    gsysSetHeaderType                        0x080172d5   Thumb Code    84  gtsysctrl.o(.text)
    gsysGetHeaderType                        0x08017329   Thumb Code    88  gtsysctrl.o(.text)
    gsysSetRMEnable                          0x08017381   Thumb Code    92  gtsysctrl.o(.text)
    gsysGetRMEnable                          0x080173dd   Thumb Code    96  gtsysctrl.o(.text)
    gsysSetRMUMode                           0x0801743d   Thumb Code   410  gtsysctrl.o(.text)
    gsysGetRMUMode                           0x080175d7   Thumb Code   652  gtsysctrl.o(.text)
    gsysSetCtrMode                           0x08017863   Thumb Code   168  gtsysctrl.o(.text)
    gsysGetCtrMode                           0x0801790b   Thumb Code   182  gtsysctrl.o(.text)
    gsysSetRsvd2CpuEnables2X                 0x080179c1   Thumb Code   136  gtsysctrl.o(.text)
    gsysGetRsvd2CpuEnables2X                 0x08017a49   Thumb Code   298  gtsysctrl.o(.text)
    gsysSetLoopbackFilter                    0x08017b73   Thumb Code    92  gtsysctrl.o(.text)
    gsysGetLoopbackFilter                    0x08017bcf   Thumb Code    96  gtsysctrl.o(.text)
    gsysSetFloodBC                           0x08017c2f   Thumb Code    92  gtsysctrl.o(.text)
    gsysGetFloodBC                           0x08017c8b   Thumb Code    96  gtsysctrl.o(.text)
    gsysSetRemove1PTag                       0x08017ceb   Thumb Code    92  gtsysctrl.o(.text)
    gsysGetRemove1PTag                       0x08017d47   Thumb Code    96  gtsysctrl.o(.text)
    gsysSetTagFlowControl                    0x08017da7   Thumb Code    92  gtsysctrl.o(.text)
    gsysGetTagFlowControl                    0x08017e03   Thumb Code    96  gtsysctrl.o(.text)
    gsysSetAlwaysUseVTU                      0x08017e63   Thumb Code    88  gtsysctrl.o(.text)
    gsysGetAlwaysUseVTU                      0x08017ebb   Thumb Code    92  gtsysctrl.o(.text)
    gsysSetQVlansOnly                        0x08017f17   Thumb Code   426  gtsysctrl.o(.text)
    gsysGetQVlansOnly                        0x080180c1   Thumb Code    92  gtsysctrl.o(.text)
    gsysSet5BitPort                          0x0801811d   Thumb Code    92  gtsysctrl.o(.text)
    gsysGet5BitPort                          0x08018179   Thumb Code    96  gtsysctrl.o(.text)
    gsysSetSDETPolarity                      0x080181d9   Thumb Code   138  gtsysctrl.o(.text)
    gsysGetSDETPolarity                      0x08018263   Thumb Code   112  gtsysctrl.o(.text)
    gsysSetARPwoBC                           0x080182d3   Thumb Code    64  gtsysctrl.o(.text)
    gsysGetARPwoBC                           0x08018313   Thumb Code    80  gtsysctrl.o(.text)
    gsysSetCLK125En                          0x08018363   Thumb Code    88  gtsysctrl.o(.text)
    gsysGetCLK125En                          0x080183bb   Thumb Code    92  gtsysctrl.o(.text)
    gsysPort2Lport                           0x08018417   Thumb Code    54  gtsysctrl.o(.text)
    gsysLport2Port                           0x0801844d   Thumb Code    46  gtsysctrl.o(.text)
    gsysPortvec2Lportvec                     0x0801847b   Thumb Code   420  gtsysctrl.o(.text)
    gsysLportvec2Portvec                     0x0801861f   Thumb Code    44  gtsysctrl.o(.text)
    gsysSetPortWakeonFrameEn_11p             0x080186a1   Thumb Code   170  gtsysctrl.o(.text)
    gsysGetPortWakeonFrameEn_11p             0x080187b1   Thumb Code   170  gtsysctrl.o(.text)
    gsysGetPortWakeonFrameEnSt_11p           0x0801885b   Thumb Code   170  gtsysctrl.o(.text)
    gsysSetWoLMac                            0x08018905   Thumb Code    66  gtsysctrl.o(.text)
    gsysGetWoLMac                            0x08018947   Thumb Code    66  gtsysctrl.o(.text)
    gsysSetPerPortWoLMac                     0x08018989   Thumb Code    92  gtsysctrl.o(.text)
    gsysGetPerPortWoLMac                     0x080189e5   Thumb Code   408  gtsysctrl.o(.text)
    gsysSetWoLPass                           0x08018b7d   Thumb Code    64  gtsysctrl.o(.text)
    gsysGetWoLPass                           0x08018bbd   Thumb Code    64  gtsysctrl.o(.text)
    gsysSetWolControl                        0x08018bfd   Thumb Code   228  gtsysctrl.o(.text)
    gsysGetWolControl                        0x08018ce1   Thumb Code   180  gtsysctrl.o(.text)
    gsysSetWolControlMc                      0x08018d95   Thumb Code   158  gtsysctrl.o(.text)
    gsysGetWolControlMc                      0x08018e33   Thumb Code   124  gtsysctrl.o(.text)
    gsysGetWakeupSource                      0x08018eaf   Thumb Code   380  gtsysctrl.o(.text)
    gsysClearWakeupSource                    0x0801902b   Thumb Code   130  gtsysctrl.o(.text)
    gsysSetGenMac                            0x080190ad   Thumb Code    76  gtsysctrl.o(.text)
    gsysGetGenMac                            0x080190f9   Thumb Code    76  gtsysctrl.o(.text)
    gsysSetCutThroughHold                    0x08019145   Thumb Code    92  gtsysctrl.o(.text)
    gsysGetCutThroughHold                    0x080191a1   Thumb Code    88  gtsysctrl.o(.text)
    gsysSetCTTooEarly                        0x080191f9   Thumb Code    92  gtsysctrl.o(.text)
    gsysGetCTTooEarly                        0x08019255   Thumb Code    88  gtsysctrl.o(.text)
    gsysSetCTTooEarlyIntEn                   0x080192ad   Thumb Code    88  gtsysctrl.o(.text)
    gsysGetCTTooEarlyIntEn                   0x08019305   Thumb Code    92  gtsysctrl.o(.text)
    gsysSetCutThroughPoint                   0x08019361   Thumb Code   406  gtsysctrl.o(.text)
    gsysGetCutThroughPoint                   0x080194f7   Thumb Code    88  gtsysctrl.o(.text)
    gtMemSet                                 0x08019575   Thumb Code    20  gtutils.o(.text)
    gtMemCpy                                 0x08019589   Thumb Code    26  gtutils.o(.text)
    gtMemCmp                                 0x080195a3   Thumb Code    32  gtutils.o(.text)
    gtStrlen                                 0x080195c3   Thumb Code    22  gtutils.o(.text)
    gtDelay                                  0x080195d9   Thumb Code     2  gtutils.o(.text)
    lport2port                               0x080195dd   Thumb Code    46  gtdrvconfig.o(.text)
    port2lport                               0x0801960b   Thumb Code    54  gtdrvconfig.o(.text)
    lportvec2portvec                         0x08019641   Thumb Code    44  gtdrvconfig.o(.text)
    portvec2lportvec                         0x0801966d   Thumb Code    36  gtdrvconfig.o(.text)
    lport2phy                                0x08019691   Thumb Code    48  gtdrvconfig.o(.text)
    driverConfig                             0x080196c1   Thumb Code   106  gtdrvconfig.o(.text)
    driverEnable                             0x0801972b   Thumb Code     8  gtdrvconfig.o(.text)
    driverGetSerdesPort                      0x08019733   Thumb Code   254  gtdrvconfig.o(.text)
    driverIsPhyAttached                      0x0801988b   Thumb Code    42  gtdrvconfig.o(.text)
    driverGetPhyID                           0x080198b5   Thumb Code    42  gtdrvconfig.o(.text)
    driverPagedAccessStart                   0x080198df   Thumb Code   280  gtdrvconfig.o(.text)
    driverPagedAccessStop                    0x080199f7   Thumb Code   444  gtdrvconfig.o(.text)
    driverFindPhyInformation                 0x08019bb3   Thumb Code   740  gtdrvconfig.o(.text)
    portToSmiMapping                         0x08019edd   Thumb Code   320  gthwcntl.o(.text)
    phyRegReadPPUEn                          0x0801a0ff   Thumb Code   306  gthwcntl.o(.text)
    hwReadPhyReg                             0x0801a445   Thumb Code    50  gthwcntl.o(.text)
    phyRegWritePPUEn                         0x0801a477   Thumb Code   260  gthwcntl.o(.text)
    hwWritePhyReg                            0x0801ab3b   Thumb Code    50  gthwcntl.o(.text)
    hwGetPhyRegField                         0x0801ab6d   Thumb Code   136  gthwcntl.o(.text)
    hwSetPhyRegField                         0x0801abf5   Thumb Code   162  gthwcntl.o(.text)
    hwReadPagedPhyReg                        0x0801b1fd   Thumb Code    58  gthwcntl.o(.text)
    hwWritePagedPhyReg                       0x0801b421   Thumb Code    58  gthwcntl.o(.text)
    hwGetPagedPhyRegField                    0x0801b45b   Thumb Code   150  gthwcntl.o(.text)
    hwSetPagedPhyRegField                    0x0801b4f1   Thumb Code   178  gthwcntl.o(.text)
    hwPhyReset                               0x0801b5a3   Thumb Code   368  gthwcntl.o(.text)
    hwSerdesReset                            0x0801b713   Thumb Code   288  gthwcntl.o(.text)
    hwReadPortReg                            0x0801b833   Thumb Code    92  gthwcntl.o(.text)
    hwWritePortReg                           0x0801b88f   Thumb Code    92  gthwcntl.o(.text)
    hwGetPortRegField                        0x0801b8eb   Thumb Code   162  gthwcntl.o(.text)
    hwSetPortRegField                        0x0801b98d   Thumb Code   542  gthwcntl.o(.text)
    hwSetPortRegBits                         0x0801bbab   Thumb Code   146  gthwcntl.o(.text)
    hwReadGlobalReg                          0x0801bc3d   Thumb Code    72  gthwcntl.o(.text)
    hwWriteGlobalReg                         0x0801bc85   Thumb Code    80  gthwcntl.o(.text)
    hwGetGlobalRegField                      0x0801bcd5   Thumb Code   158  gthwcntl.o(.text)
    hwSetGlobalRegField                      0x0801bd73   Thumb Code   184  gthwcntl.o(.text)
    hwReadGlobal2Reg                         0x0801be2b   Thumb Code    84  gthwcntl.o(.text)
    hwWriteGlobal2Reg                        0x0801be7f   Thumb Code    80  gthwcntl.o(.text)
    hwGetGlobal2RegField                     0x0801becf   Thumb Code   152  gthwcntl.o(.text)
    hwSetGlobal2RegField                     0x0801bf67   Thumb Code   368  gthwcntl.o(.text)
    hwSetGlobal2RegBits                      0x0801c0d7   Thumb Code   142  gthwcntl.o(.text)
    hwReadGlobal3Reg                         0x0801c165   Thumb Code    88  gthwcntl.o(.text)
    hwWriteGlobal3Reg                        0x0801c1bd   Thumb Code    88  gthwcntl.o(.text)
    hwGetGlobal3RegField                     0x0801c215   Thumb Code   158  gthwcntl.o(.text)
    hwSetGlobal3RegField                     0x0801c2b3   Thumb Code   182  gthwcntl.o(.text)
    hwSetGlobal3RegBits                      0x0801c369   Thumb Code   142  gthwcntl.o(.text)
    hwReadMiiReg                             0x0801c3f7   Thumb Code    66  gthwcntl.o(.text)
    hwWriteMiiReg                            0x0801c439   Thumb Code   384  gthwcntl.o(.text)
    phyXRegReadPPUEn                         0x0801c5b9   Thumb Code   474  gthwcntl.o(.text)
    phyXRegWritePPUEn                        0x0801c793   Thumb Code   674  gthwcntl.o(.text)
    exPhyRegRead                             0x0801ca35   Thumb Code   318  gthwcntl.o(.text)
    exPhyRegWrite                            0x0801cb73   Thumb Code   208  gthwcntl.o(.text)
    smiSetupRead                             0x0801cc43   Thumb Code   318  gthwcntl.o(.text)
    smiSetupWrite                            0x0801cd81   Thumb Code   254  gthwcntl.o(.text)
    qdMultiAddrRead                          0x0801cec9   Thumb Code   310  gtmiismiif.o(.text)
    miiSmiIfReadRegister                     0x0801cfff   Thumb Code    94  gtmiismiif.o(.text)
    miiSmiIfInit                             0x0801d05d   Thumb Code  1304  gtmiismiif.o(.text)
    miiSmiManualIfInit                       0x0801d575   Thumb Code   458  gtmiismiif.o(.text)
    qdMultiAddrWrite                         0x0801d73f   Thumb Code   170  gtmiismiif.o(.text)
    miiSmiIfWriteRegister                    0x0801d7e9   Thumb Code    86  gtmiismiif.o(.text)
    gtSemCreate                              0x0801d979   Thumb Code    22  gtsem.o(.text)
    gtSemDelete                              0x0801d98f   Thumb Code    24  gtsem.o(.text)
    gtSemTake                                0x0801d9a7   Thumb Code    26  gtsem.o(.text)
    gtSemGive                                0x0801d9c1   Thumb Code    22  gtsem.o(.text)
    gtBspReadMii                             0x0801d9d9   Thumb Code   252  ev96122mii.o(.text)
    gtBspWriteMii                            0x0801dad5   Thumb Code   158  ev96122mii.o(.text)
    gtBspMiiInit                             0x0801db73   Thumb Code     2  ev96122mii.o(.text)
    qdStart                                  0x0801db7d   Thumb Code   222  msapiinit.o(.text)
    qdMemSet                                 0x0801dd41   Thumb Code    20  qdsim.o(.text)
    qdMemCpy                                 0x0801dd55   Thumb Code    26  qdsim.o(.text)
    qdMemCmp                                 0x0801dd6f   Thumb Code    32  qdsim.o(.text)
    cmpEtherMac                              0x0801dd8f   Thumb Code    32  qdsim.o(.text)
    qdSimATUFindNext                         0x0801ddaf   Thumb Code   190  qdsim.o(.text)
    qdSimATUAdd                              0x0801de6d   Thumb Code   294  qdsim.o(.text)
    qdSimATUDel                              0x0801df93   Thumb Code   150  qdsim.o(.text)
    qdSimATUFlushUnlockedEntry               0x0801e029   Thumb Code    72  qdsim.o(.text)
    qdSimATUFlushInDB                        0x0801e071   Thumb Code    46  qdsim.o(.text)
    qdSimATUFlushUnlockedInDB                0x0801e09f   Thumb Code    90  qdsim.o(.text)
    qdSimATUInit                             0x0801e0f9   Thumb Code    48  qdsim.o(.text)
    qdSimGetATUInfo                          0x0801e129   Thumb Code   136  qdsim.o(.text)
    qdSimSetATUInfo                          0x0801e1b1   Thumb Code   126  qdsim.o(.text)
    qdSimReSetATUInfo                        0x0801e22f   Thumb Code    76  qdsim.o(.text)
    qdSimATUOperation                        0x0801e27b   Thumb Code   138  qdsim.o(.text)
    qdSimVTUFindNext                         0x0801e305   Thumb Code    96  qdsim.o(.text)
    qdSimVTUAdd                              0x0801e365   Thumb Code   300  qdsim.o(.text)
    qdSimVTUDel                              0x0801e491   Thumb Code   156  qdsim.o(.text)
    qdSimVTUUpdate                           0x0801e52d   Thumb Code    90  qdsim.o(.text)
    qdSimVTUInit                             0x0801e587   Thumb Code    68  qdsim.o(.text)
    qdSimGetVTUInfo                          0x0801e5cb   Thumb Code   212  qdsim.o(.text)
    qdSimSetVTUInfo                          0x0801e69f   Thumb Code   128  qdsim.o(.text)
    qdSimReSetVTUInfo                        0x0801e71f   Thumb Code    18  qdsim.o(.text)
    qdSimVTUGetViolation                     0x0801e731   Thumb Code    68  qdsim.o(.text)
    qdSimVTUResetBusy                        0x0801e775   Thumb Code    30  qdsim.o(.text)
    qdSimVTUOperation                        0x0801e793   Thumb Code   164  qdsim.o(.text)
    qdSimStatsInit                           0x0801e837   Thumb Code    26  qdsim.o(.text)
    qdSimStatsOperation                      0x0801e851   Thumb Code   232  qdsim.o(.text)
    qdSimPhyControl                          0x0801e939   Thumb Code   164  qdsim.o(.text)
    qdSimRegsInit_6021                       0x0801e9dd   Thumb Code    66  qdsim.o(.text)
    qdSimRegsInit_6063                       0x0801ea1f   Thumb Code    76  qdsim.o(.text)
    qdSimRegsInit_6083                       0x0801ea6b   Thumb Code    86  qdsim.o(.text)
    qdSimRegsInit                            0x0801eac1   Thumb Code   704  qdsim.o(.text)
    qdSimRead_6052                           0x0801ed81   Thumb Code   486  qdsim.o(.text)
    qdSimRead_6021                           0x0801ef67   Thumb Code   344  qdsim.o(.text)
    qdSimRead_6063                           0x0801f0bf   Thumb Code   344  qdsim.o(.text)
    qdSimRead_6083                           0x0801f217   Thumb Code   354  qdsim.o(.text)
    qdSimRead                                0x0801f379   Thumb Code   150  qdsim.o(.text)
    qdSimWrite_6052                          0x0801f40f   Thumb Code   332  qdsim.o(.text)
    qdSimWrite_6021                          0x0801f55b   Thumb Code   572  qdsim.o(.text)
    qdSimWrite_6063                          0x0801f797   Thumb Code   564  qdsim.o(.text)
    qdSimWrite_6083                          0x0801f9cb   Thumb Code   576  qdsim.o(.text)
    qdSimWrite                               0x0801fc0b   Thumb Code   154  qdsim.o(.text)
    qdSimSetPhyInt                           0x0801fca5   Thumb Code    72  qdsim.o(.text)
    qdSimSetGlobalInt                        0x0801fced   Thumb Code    34  qdsim.o(.text)
    qdSimInit                                0x0801fd0f   Thumb Code   264  qdsim.o(.text)
    mdCopperSetAutoNeg                       0x0801fe25   Thumb Code   688  madcpctrl.o(.text)
    mdCopperGetAutoNeg                       0x080200d5   Thumb Code   728  madcpctrl.o(.text)
    mdCopperSetAutoRestart                   0x080203ad   Thumb Code   156  madcpctrl.o(.text)
    mdGetAutoNegoMode                        0x08020449   Thumb Code   190  madcpctrl.o(.text)
    mdCopperSetMDIMode                       0x08020507   Thumb Code   212  madcpctrl.o(.text)
    mdCopperGetMDIMode                       0x080205db   Thumb Code   190  madcpctrl.o(.text)
    mdCopperSetDownshiftEnable               0x08020699   Thumb Code   594  madcpctrl.o(.text)
    mdCopperGetDownshiftEnable               0x080208eb   Thumb Code   308  madcpctrl.o(.text)
    mdCopperSetDTEDetectEnable               0x08020d1d   Thumb Code   612  madcpctrl.o(.text)
    mdCopperGetDTEDetectEnable               0x08020f81   Thumb Code   520  madcpctrl.o(.text)
    mdCopperSetLinkDownDelay                 0x08021189   Thumb Code   142  madcpctrl.o(.text)
    mdCopperGetLinkDownDelay                 0x08021217   Thumb Code   140  madcpctrl.o(.text)
    mdCopperSetLinkDownDelayEnable           0x080212a3   Thumb Code   152  madcpctrl.o(.text)
    mdCopperGetLinkDownDelayEnable           0x0802133b   Thumb Code   158  madcpctrl.o(.text)
    mdCopperSetSpeedDuplex                   0x080213d9   Thumb Code   112  madcpctrl.o(.text)
    mdCopperSet1000TMasterMode               0x08021449   Thumb Code   200  madcpctrl.o(.text)
    mdCopperGet1000TMasterMode               0x08021511   Thumb Code   638  madcpctrl.o(.text)
    mdGetPhyCopperReg                        0x0802178f   Thumb Code    50  madcpctrl.o(.text)
    mdSetPhyCopperReg                        0x080217c1   Thumb Code    52  madcpctrl.o(.text)
    mdIntSetEnable                           0x0802198b   Thumb Code   264  madint.o(.text)
    mdIntGetEnable                           0x08021bc5   Thumb Code   520  madint.o(.text)
    mdIntGetStatus                           0x08021f09   Thumb Code   274  madint.o(.text)
    mdIntGetPortSummary                      0x0802201b   Thumb Code   114  madint.o(.text)
    mdTempIntSetEnable                       0x0802208d   Thumb Code   124  madint.o(.text)
    mdTempIntGetEnable                       0x08022109   Thumb Code   134  madint.o(.text)
    mdTempIntGetStatus                       0x0802218f   Thumb Code   338  madint.o(.text)
    madShort2Char                            0x080222e1   Thumb Code    12  madsysconfig.o(.text)
    mdLoadDriver                             0x0802231d   Thumb Code   746  madsysconfig.o(.text)
    mdUnloadDriver                           0x08022607   Thumb Code    90  madsysconfig.o(.text)
    madLong2Char                             0x08022661   Thumb Code   752  madsysconfig.o(.text)
    madLong2Short                            0x08022951   Thumb Code    22  madsysconfig.o(.text)
    madLonglong2Long                         0x08022967   Thumb Code    26  madsysconfig.o(.text)
    mdGetLinkStatus                          0x08022a59   Thumb Code   428  madsysctrl.o(.text)
    mdGetSpeedStatus                         0x08022c05   Thumb Code   266  madsysctrl.o(.text)
    mdGetMacSpeedStatus                      0x08022d0f   Thumb Code   606  madsysctrl.o(.text)
    mdGetDuplexStatus                        0x08022f6d   Thumb Code   270  madsysctrl.o(.text)
    mdSysGetPhyReg                           0x0802307b   Thumb Code    28  madsysctrl.o(.text)
    mdSysSetPhyReg                           0x08023097   Thumb Code    28  madsysctrl.o(.text)
    mdSysGetPagedPhyReg                      0x080230b3   Thumb Code    56  madsysctrl.o(.text)
    mdSysSetPagedPhyReg                      0x080230eb   Thumb Code    58  madsysctrl.o(.text)
    mdSysSetPhyEnable                        0x08023125   Thumb Code   360  madsysctrl.o(.text)
    mdSysGetPhyEnable                        0x0802328d   Thumb Code   674  madsysctrl.o(.text)
    mdSysSetQSGMIIPwDown                     0x0802352f   Thumb Code   152  madsysctrl.o(.text)
    mdSysGetQSGMIIPwDown                     0x080235c7   Thumb Code   162  madsysctrl.o(.text)
    mdSysSoftReset                           0x08023669   Thumb Code    28  madsysctrl.o(.text)
    mdSysModSoftReset                        0x08023685   Thumb Code   262  madsysctrl.o(.text)
    mdSysSetMacPowerDown                     0x0802378b   Thumb Code   682  madsysctrl.o(.text)
    mdSysGetMacPowerDown                     0x08023a35   Thumb Code   398  madsysctrl.o(.text)
    mdSysGetDetectPowerDownModeSt            0x08023bc3   Thumb Code   196  madsysctrl.o(.text)
    mdSysSetDetectPowerDownMode              0x08023c87   Thumb Code   180  madsysctrl.o(.text)
    mdSysGetDetectPowerDownMode              0x08023d3b   Thumb Code   416  madsysctrl.o(.text)
    mdSysSetEEELPIMode                       0x08023edb   Thumb Code   244  madsysctrl.o(.text)
    mdSysGetEEELPIMode                       0x08023fcf   Thumb Code   262  madsysctrl.o(.text)
    mdSysSetSnoopCtrl                        0x080240d5   Thumb Code   128  madsysctrl.o(.text)
    mdSysGetSnoopCtrl                        0x08024155   Thumb Code   128  madsysctrl.o(.text)
    mdSysSetLEDCtrl                          0x080241d5   Thumb Code   636  madsysctrl.o(.text)
    mdSysGetLEDCtrl                          0x08024451   Thumb Code   424  madsysctrl.o(.text)
    mdSysSetUniDirTrans                      0x080245f9   Thumb Code   322  madsysctrl.o(.text)
    mdSysGetUniDirTrans                      0x0802473b   Thumb Code   406  madsysctrl.o(.text)
    mdSetEEELPIInterrupt                     0x080248d1   Thumb Code   102  madsysctrl.o(.text)
    mdGetEEELPIInterrupt                     0x08024937   Thumb Code   100  madsysctrl.o(.text)
    mdSetEEELPIInterruptMask                 0x0802499b   Thumb Code   100  madsysctrl.o(.text)
    mdGetEEELPIInterruptMask                 0x080249ff   Thumb Code   100  madsysctrl.o(.text)
    mdSetEEELPIIgrBuffThresh                 0x08024a63   Thumb Code   100  madsysctrl.o(.text)
    mdGetEEELPIIgrBuffThresh                 0x08024ac7   Thumb Code   100  madsysctrl.o(.text)
    mdSetEEELPIEEEBuffThresh                 0x08024b2b   Thumb Code   100  madsysctrl.o(.text)
    mdGetEEELPIEEEBuffThresh                 0x08024b8f   Thumb Code   100  madsysctrl.o(.text)
    mdSetEEELPIIgrDscThresh                  0x08024bf3   Thumb Code   100  madsysctrl.o(.text)
    mdGetEEELPIIgrDscThresh                  0x08024c57   Thumb Code   434  madsysctrl.o(.text)
    mdSysSetAutoSelect                       0x08024e09   Thumb Code   174  madsysctrl.o(.text)
    mdSysGetAutoSelect                       0x08024eb7   Thumb Code   136  madsysctrl.o(.text)
    mdSysSetPreferredMedia                   0x08024f3f   Thumb Code   124  madsysctrl.o(.text)
    mdSysGetPreferredMedia                   0x08024fbb   Thumb Code   124  madsysctrl.o(.text)
    mdSysSetMediaMode                        0x08025037   Thumb Code   172  madsysctrl.o(.text)
    mdSysGetMediaMode                        0x080250e3   Thumb Code   136  madsysctrl.o(.text)
    madDevPreInit                            0x080255ad   Thumb Code   826  maddevconfig.o(.text)
    madDriverConfig                          0x0802591d   Thumb Code   206  maddrvconfig.o(.text)
    madPagedAccessStart                      0x080259eb   Thumb Code   290  maddrvconfig.o(.text)
    madPagedAccessStop                       0x08025b0d   Thumb Code   162  maddrvconfig.o(.text)
    madGetHwMode                             0x08025f57   Thumb Code    52  maddrvconfig.o(.text)
    madFindPhyInformation                    0x080260bb   Thumb Code  2936  maddrvconfig.o(.text)
    mad_lport2port                           0x08026c33   Thumb Code    46  maddrvconfig.o(.text)
    mad_port2lport                           0x08026c61   Thumb Code    54  maddrvconfig.o(.text)
    madHwReadPhyReg                          0x08026ca5   Thumb Code   120  madhwcntl.o(.text)
    madHwWritePhyReg                         0x08026d1d   Thumb Code   124  madhwcntl.o(.text)
    madHwGetPhyRegField                      0x08026d99   Thumb Code   186  madhwcntl.o(.text)
    madHwSetPhyRegField                      0x08026e53   Thumb Code   220  madhwcntl.o(.text)
    madHwReadPagedPhyReg                     0x08027391   Thumb Code   294  madhwcntl.o(.text)
    madHwWritePagedPhyReg                    0x080274b7   Thumb Code   292  madhwcntl.o(.text)
    madHwGetPagedPhyRegField                 0x080275db   Thumb Code   338  madhwcntl.o(.text)
    madHwSetPagedPhyRegField                 0x0802772d   Thumb Code   568  madhwcntl.o(.text)
    madHwPagedSetCtrlPara                    0x08027965   Thumb Code   418  madhwcntl.o(.text)
    madHwPagedReset                          0x08027b07   Thumb Code    38  madhwcntl.o(.text)
    madHw45ReadPhyReg                        0x08027b2d   Thumb Code   288  madhwcntl.o(.text)
    madHw45WritePhyReg                       0x08027c4d   Thumb Code   394  madhwcntl.o(.text)
    madHw45GetPhyRegField                    0x08027dd7   Thumb Code   112  madhwcntl.o(.text)
    madHw45SetPhyRegField                    0x08027e47   Thumb Code   190  madhwcntl.o(.text)
    madMemSet                                0x08027f69   Thumb Code    20  madutils.o(.text)
    madMemCpy                                0x08027f7d   Thumb Code    26  madutils.o(.text)
    madMemCmp                                0x08027f97   Thumb Code    32  madutils.o(.text)
    madStrlen                                0x08027fb7   Thumb Code    22  madutils.o(.text)
    madSemCreate                             0x08027fcd   Thumb Code    22  madsem.o(.text)
    madSemDelete                             0x08027fe3   Thumb Code    24  madsem.o(.text)
    madSemTake                               0x08027ffb   Thumb Code    26  madsem.o(.text)
    madSemGive                               0x08028015   Thumb Code    22  madsem.o(.text)
    madSmiIfReadRegister                     0x0802802d   Thumb Code    76  madsmiif.o(.text)
    madSmiIfWriteRegister                    0x08028079   Thumb Code    62  madsmiif.o(.text)
    madXSmiIfReadRegister                    0x080280b7   Thumb Code    60  madsmiif.o(.text)
    madXSmiIfWriteRegister                   0x080280f3   Thumb Code    56  madsmiif.o(.text)
    aes_encrypt                              0x0802815d   Thumb Code  3514  aescrypt.o(.text)
    aes_encrypt_key128                       0x08028f29   Thumb Code  1064  aeskey.o(.text)
    aes_encrypt_key192                       0x08029351   Thumb Code  1096  aeskey.o(.text)
    aes_encrypt_key256                       0x08029799   Thumb Code  1448  aeskey.o(.text)
    aes_encrypt_key                          0x08029d41   Thumb Code    82  aeskey.o(.text)
    msecWritePortReg                         0x08029da9   Thumb Code   300  msecapi.o(.text)
    msecReadPortReg                          0x08029ed5   Thumb Code   300  msecapi.o(.text)
    check_testchip_revision                  0x0802a001   Thumb Code   352  msecapi.o(.text)
    msec_stat_init                           0x0802a161   Thumb Code   216  msecapi.o(.text)
    msec_port_set_igr_def_act                0x0802a239   Thumb Code   784  msecapi.o(.text)
    msec_port_egr_cfg                        0x0802a549   Thumb Code   224  msecapi.o(.text)
    msec_port_cmn_cfg                        0x0802a629   Thumb Code   506  msecapi.o(.text)
    msec_port_dis_ilu_ent                    0x0802a823   Thumb Code   234  msecapi.o(.text)
    msec_port_dis_elu_ent                    0x0802a90d   Thumb Code   158  msecapi.o(.text)
    msec_port_macsec_init                    0x0802a9ab   Thumb Code   214  msecapi.o(.text)
    msec_maxwell_ae_start_init               0x0802aa81   Thumb Code   262  msecapi.o(.text)
    msec_port_set_mac_link                   0x0802ab87   Thumb Code   226  msecapi.o(.text)
    msec_port_set_mac_speed                  0x0802ac69   Thumb Code   254  msecapi.o(.text)
    msec_port_set_mac_ctrl                   0x0802ad67   Thumb Code   634  msecapi.o(.text)
    msec_port_set_mac_rst                    0x0802afe1   Thumb Code   226  msecapi.o(.text)
    msec_port_mac_init                       0x0802b0c3   Thumb Code   148  msecapi.o(.text)
    msec_mac_cfg                             0x0802b157   Thumb Code   160  msecapi.o(.text)
    msec_port_get_mac_ctrl                   0x0802b1f7   Thumb Code   326  msecapi.o(.text)
    msec_port_mac_en_dis                     0x0802b33d   Thumb Code   210  msecapi.o(.text)
    msec_port_set_flow_ctrl                  0x0802b40f   Thumb Code   406  msecapi.o(.text)
    msec_port_set_autoneg                    0x0802b5a5   Thumb Code   204  msecapi.o(.text)
    msec_port_get_mac_speed                  0x0802b671   Thumb Code   182  msecapi.o(.text)
    msec_port_get_mac_var                    0x0802b727   Thumb Code    88  msecapi.o(.text)
    msec_port_set_elu_entry                  0x0802b77f   Thumb Code   664  msecapi.o(.text)
    msec_port_set_ehkey_entry                0x0802ba17   Thumb Code   258  msecapi.o(.text)
    msec_port_set_ekey_entry                 0x0802bb19   Thumb Code   164  msecapi.o(.text)
    msec_port_set_ect_entry                  0x0802bbbd   Thumb Code   264  msecapi.o(.text)
    msec_port_set_egr_entry                  0x0802bcc5   Thumb Code   164  msecapi.o(.text)
    msec_port_set_elu_match_fld              0x0802bd69   Thumb Code   362  msecapi.o(.text)
    msec_port_set_elu_match_en               0x0802bed3   Thumb Code   534  msecapi.o(.text)
    msec_port_set_elu_act_fld                0x0802c0e9   Thumb Code   334  msecapi.o(.text)
    msec_port_get_ehkey_entry                0x0802c237   Thumb Code   236  msecapi.o(.text)
    msec_port_get_ekey_entry                 0x0802c323   Thumb Code   242  msecapi.o(.text)
    msec_port_get_ect_entry                  0x0802c415   Thumb Code   266  msecapi.o(.text)
    msec_port_get_elu_entry                  0x0802c51f   Thumb Code   506  msecapi.o(.text)
    msec_port_get_egr_entry                  0x0802c719   Thumb Code   154  msecapi.o(.text)
    msec_port_get_elu_match_fld              0x0802c7b3   Thumb Code   518  msecapi.o(.text)
    msec_port_get_elu_match_en               0x0802c9b9   Thumb Code   166  msecapi.o(.text)
    msec_port_get_elu_act                    0x0802ca5f   Thumb Code   196  msecapi.o(.text)
    msec_port_set_ilu_entry                  0x0802cb23   Thumb Code   848  msecapi.o(.text)
    msec_port_set_ihkey_entry                0x0802ce73   Thumb Code   168  msecapi.o(.text)
    msec_port_set_ikey_entry                 0x0802cf1b   Thumb Code   168  msecapi.o(.text)
    msec_port_set_igr_entry                  0x0802cfc3   Thumb Code   164  msecapi.o(.text)
    msec_port_set_ilu_match_fld              0x0802d067   Thumb Code   716  msecapi.o(.text)
    msec_port_set_ilu_act_fld                0x0802d333   Thumb Code   274  msecapi.o(.text)
    msec_port_set_ilu_match_en               0x0802d445   Thumb Code   306  msecapi.o(.text)
    msec_port_get_nxtpn_entry                0x0802d577   Thumb Code   114  msecapi.o(.text)
    msec_port_get_ihkey_entry                0x0802d5e9   Thumb Code   252  msecapi.o(.text)
    msec_port_get_ikey_entry                 0x0802d6e5   Thumb Code   242  msecapi.o(.text)
    msec_port_get_ilu_entry                  0x0802d7d7   Thumb Code   770  msecapi.o(.text)
    msec_port_get_igr_entry                  0x0802dad9   Thumb Code   154  msecapi.o(.text)
    msec_port_get_ilu_match_fld              0x0802db73   Thumb Code   492  msecapi.o(.text)
    msec_port_get_ilu_match_en               0x0802dd5f   Thumb Code   176  msecapi.o(.text)
    msec_port_get_ilu_act                    0x0802de0f   Thumb Code   386  msecapi.o(.text)
    msec_port_set_redir_sa                   0x0802df91   Thumb Code   196  msecapi.o(.text)
    msec_set_redir_hdr                       0x0802e055   Thumb Code   270  msecapi.o(.text)
    msec_port_get_redir_sa                   0x0802e163   Thumb Code   210  msecapi.o(.text)
    msec_get_redir_hdr                       0x0802e235   Thumb Code   240  msecapi.o(.text)
    msec_port_get_cmn_cfg                    0x0802e325   Thumb Code   438  msecapi.o(.text)
    msec_port_get_egr_cfg                    0x0802e4db   Thumb Code   140  msecapi.o(.text)
    msec_port_igr_cfg                        0x0802e567   Thumb Code   950  msecapi.o(.text)
    msec_port_set_igr_redir_vec              0x0802e91d   Thumb Code   294  msecapi.o(.text)
    msec_port_set_igr_rpy_var                0x0802ea43   Thumb Code   268  msecapi.o(.text)
    msec_port_set_igr_sci_info               0x0802eb4f   Thumb Code   292  msecapi.o(.text)
    msec_port_get_igr_cfg                    0x0802ec73   Thumb Code   688  msecapi.o(.text)
    msec_port_get_igr_def_act                0x0802ef23   Thumb Code   170  msecapi.o(.text)
    msec_port_get_igr_redir_vec              0x0802efcd   Thumb Code   176  msecapi.o(.text)
    msec_port_get_igr_rpy_var                0x0802f07d   Thumb Code   210  msecapi.o(.text)
    msec_port_get_igr_sci_info               0x0802f14f   Thumb Code   294  msecapi.o(.text)
    msec_port_etm_cfg                        0x0802f275   Thumb Code   596  msecapi.o(.text)
    msec_port_get_etm_cfg                    0x0802f4c9   Thumb Code   576  msecapi.o(.text)
    msec_port_fips_ctl                       0x0802f709   Thumb Code   310  msecapi.o(.text)
    msec_set_fips_vec                        0x0802f83f   Thumb Code   228  msecapi.o(.text)
    msec_port_fips_chk                       0x0802f923   Thumb Code    90  msecapi.o(.text)
    msec_force_flow_ctrl_en                  0x0802f97d   Thumb Code   188  msecapi.o(.text)
    msec_set_phy_speed_duplex                0x0802fa39   Thumb Code   132  msecapi.o(.text)
    msec_set_macsec_speed_duplex             0x0802fabd   Thumb Code  1038  msecapi.o(.text)
    msec_set_mac_frame_size_limit            0x0802fecb   Thumb Code   200  msecapi.o(.text)
    msec_enable_non_disruptive_loopback      0x0802ff93   Thumb Code   108  msecapi.o(.text)
    msec_SetEEELPIMode                       0x0802ffff   Thumb Code   242  msecapi.o(.text)
    msec_GetEEELPIMode                       0x080300f1   Thumb Code   268  msecapi.o(.text)
    msec_SetEEELPIInterrupt                  0x080301fd   Thumb Code   136  msecapi.o(.text)
    msec_GetEEELPIInterrupt                  0x08030285   Thumb Code   152  msecapi.o(.text)
    msec_SetEEELPIInterruptMask              0x0803031d   Thumb Code   136  msecapi.o(.text)
    msec_GetEEELPIInterruptMask              0x080303a5   Thumb Code   152  msecapi.o(.text)
    msec_SetEEELPIIgrBuffThresh              0x0803043d   Thumb Code   128  msecapi.o(.text)
    msec_GetEEELPIIgrBuffThresh              0x080304bd   Thumb Code   126  msecapi.o(.text)
    msec_SetEEELPIEEEBuffThresh              0x0803053b   Thumb Code   138  msecapi.o(.text)
    msec_GetEEELPIEEEBuffThresh              0x080305c5   Thumb Code   126  msecapi.o(.text)
    msec_SetEEELPIIgrDscThresh               0x08030643   Thumb Code   128  msecapi.o(.text)
    msec_GetEEELPIIgrDscThresh               0x080306c3   Thumb Code   126  msecapi.o(.text)
    msecWriteReg                             0x08030749   Thumb Code   200  msecfunc.o(.text)
    msecReadReg                              0x08030811   Thumb Code   162  msecfunc.o(.text)
    msec_force_macsec_rst                    0x080308b3   Thumb Code    98  msecfunc.o(.text)
    msec_print_mac_ctrl                      0x08030915   Thumb Code    74  msecfunc.o(.text)
    msec_print_match_en                      0x0803095f   Thumb Code    62  msecfunc.o(.text)
    msec_print_match_fld                     0x0803099d   Thumb Code  1092  msecfunc.o(.text)
    msec_print_act_fld                       0x08030de1   Thumb Code    54  msecfunc.o(.text)
    msec_print_lkup                          0x08030e17   Thumb Code    24  msecfunc.o(.text)
    msec_print_ect                           0x08030e2f   Thumb Code    34  msecfunc.o(.text)
    msec_print_key                           0x08030e51   Thumb Code    40  msecfunc.o(.text)
    msec_print_hkey                          0x08030e79   Thumb Code    40  msecfunc.o(.text)
    msec_print_redir_hdr                     0x08030ea1   Thumb Code    78  msecfunc.o(.text)
    msec_print_cmn_cfg                       0x08030eef   Thumb Code    50  msecfunc.o(.text)
    msec_print_egr_cfg                       0x08030f21   Thumb Code    30  msecfunc.o(.text)
    msec_print_igr_def                       0x08030f3f   Thumb Code  1066  msecfunc.o(.text)
    msec_print_redir                         0x08031369   Thumb Code    62  msecfunc.o(.text)
    msec_print_sci_info                      0x080313a7   Thumb Code    34  msecfunc.o(.text)
    msec_print_rpy_info                      0x080313c9   Thumb Code    38  msecfunc.o(.text)
    msec_print_igr_cfg                       0x080313ef   Thumb Code    30  msecfunc.o(.text)
    msec_print_etm_cfg                       0x0803140d   Thumb Code  1176  msecfunc.o(.text)
    msec_print_fips_cfg                      0x080318a5   Thumb Code   124  msecfunc.o(.text)
    msec_print_macsec_stat                   0x08031921   Thumb Code  8930  msecfunc.o(.text)
    msec_print_mib_stat                      0x08033c03   Thumb Code  1258  msecfunc.o(.text)
    aes_hkey                                 0x080340ed   Thumb Code    52  msecfunc.o(.text)
    msec_bits_write                          0x08034121   Thumb Code    58  msecfunc.o(.text)
    msec_bits_get                            0x0803415b   Thumb Code    36  msecfunc.o(.text)
    msec_port_set_nxtpn_ent                  0x0803417f   Thumb Code   962  msecfunc.o(.text)
    port_fips_obv                            0x08034541   Thumb Code   354  msecfunc.o(.text)
    clear_fips_vec                           0x080346a3   Thumb Code    80  msecfunc.o(.text)
    msec_port_get_macsec_stat_value          0x080346f3   Thumb Code   428  msecfunc.o(.text)
    msec_port_get_macsec_stat                0x0803489f   Thumb Code   282  msecfunc.o(.text)
    port_acc_macsec_stat                     0x080349b9   Thumb Code   124  msecfunc.o(.text)
    port_rd_n_dump_macsec_stat               0x08034a35   Thumb Code    50  msecfunc.o(.text)
    rd_n_dump_macsec_stat                    0x08034a67   Thumb Code    52  msecfunc.o(.text)
    msec_clr_macsec_stat                     0x08034a9b   Thumb Code    50  msecfunc.o(.text)
    port_get_mib_stat_value                  0x08034acd   Thumb Code   284  msecfunc.o(.text)
    msec_port_get_mib_stat                   0x08034be9   Thumb Code    62  msecfunc.o(.text)
    port_rd_n_dump_mib_stat                  0x08034c27   Thumb Code    44  msecfunc.o(.text)
    rd_n_dump_mib_stat                       0x08034c53   Thumb Code    52  msecfunc.o(.text)
    msec_clr_mib_stat                        0x08034c87   Thumb Code    46  msecfunc.o(.text)
    msec_dis_macsec_clk                      0x08034cb5   Thumb Code   130  msecfunc.o(.text)
    msec_en_macsec_clk                       0x08034d37   Thumb Code   128  msecfunc.o(.text)
    msec_en_PTP                              0x08034db7   Thumb Code   608  msecfunc.o(.text)
    __use_no_semihosting                     0x0803501d   Thumb Code     2  use_no_semi_2.o(.text)
    __2printf                                0x08035021   Thumb Code    20  noretval__2printf.o(.text)
    _printf_pre_padding                      0x08035039   Thumb Code    44  _printf_pad.o(.text)
    _printf_post_padding                     0x08035065   Thumb Code    34  _printf_pad.o(.text)
    _printf_str                              0x08035087   Thumb Code    82  _printf_str.o(.text)
    _printf_int_dec                          0x080350d9   Thumb Code   104  _printf_dec.o(.text)
    _printf_longlong_hex                     0x08035151   Thumb Code    86  _printf_hex_int_ll_ptr.o(.text)
    _printf_int_hex                          0x080351a7   Thumb Code    28  _printf_hex_int_ll_ptr.o(.text)
    _printf_ll_hex                           0x080351c3   Thumb Code    12  _printf_hex_int_ll_ptr.o(.text)
    _printf_hex_ptr                          0x080351cf   Thumb Code    18  _printf_hex_int_ll_ptr.o(.text)
    __printf                                 0x080351e5   Thumb Code   388  __printf_flags_ss_wp.o(.text)
    __0scanf                                 0x0803536d   Thumb Code    26  __0scanf.o(.text)
    _scanf_string                            0x0803538d   Thumb Code   224  _scanf_str.o(.text)
    putc                                     0x0803546d   Thumb Code     4  putc.o(.text)
    __aeabi_memcpy4                          0x08035471   Thumb Code     0  rt_memcpy_w.o(.text)
    __aeabi_memcpy8                          0x08035471   Thumb Code     0  rt_memcpy_w.o(.text)
    __rt_memcpy_w                            0x08035471   Thumb Code   100  rt_memcpy_w.o(.text)
    _memcpy_lastbytes_aligned                0x080354b9   Thumb Code     0  rt_memcpy_w.o(.text)
    __aeabi_memclr4                          0x080354d5   Thumb Code     0  rt_memclr_w.o(.text)
    __aeabi_memclr8                          0x080354d5   Thumb Code     0  rt_memclr_w.o(.text)
    __rt_memclr_w                            0x080354d5   Thumb Code    78  rt_memclr_w.o(.text)
    _memset_w                                0x080354d9   Thumb Code     0  rt_memclr_w.o(.text)
    __use_two_region_memory                  0x08035523   Thumb Code     2  heapauxi.o(.text)
    __rt_heap_escrow$2region                 0x08035525   Thumb Code     2  heapauxi.o(.text)
    __rt_heap_expand$2region                 0x08035527   Thumb Code     2  heapauxi.o(.text)
    __I$use$semihosting                      0x08035529   Thumb Code     0  use_no_semi.o(.text)
    __use_no_semihosting_swi                 0x08035529   Thumb Code     2  use_no_semi.o(.text)
    _printf_int_common                       0x0803552b   Thumb Code   178  _printf_intcommon.o(.text)
    _printf_cs_common                        0x080355dd   Thumb Code    20  _printf_char.o(.text)
    _printf_char                             0x080355f1   Thumb Code    16  _printf_char.o(.text)
    _printf_string                           0x08035601   Thumb Code     8  _printf_char.o(.text)
    _printf_char_file                        0x08035609   Thumb Code    32  _printf_char_file.o(.text)
    __vfscanf_char_file                      0x0803562d   Thumb Code    16  scanf_char_file.o(.text)
    _printf_char_common                      0x0803564f   Thumb Code    32  _printf_char_common.o(.text)
    __vfscanf_char                           0x08035681   Thumb Code    24  scanf_char.o(.text)
    ___backspace$unlocked                    0x080356a1   Thumb Code     2  backspace.o(.text)
    __backspace                              0x080356a3   Thumb Code    70  backspace.o(.text)
    ferror                                   0x080356e9   Thumb Code     8  ferror.o(.text)
    __user_setup_stackheap                   0x080356f1   Thumb Code    74  sys_stackheap_outer.o(.text)
    isspace                                  0x0803573b   Thumb Code    18  isspace.o(.text)
    __vfscanf                                0x0803574d   Thumb Code   878  _scanf.o(.text)
    _ungetc_internal                         0x08035ac1   Thumb Code    60  ungetc.o(.text)
    ungetc                                   0x08035ac1   Thumb Code     0  ungetc.o(.text)
    exit                                     0x08035b09   Thumb Code    12  exit.o(.text)
    __user_libspace                          0x08035b15   Thumb Code     8  libspace.o(.text)
    __user_perproc_libspace                  0x08035b15   Thumb Code     0  libspace.o(.text)
    __user_perthread_libspace                0x08035b15   Thumb Code     0  libspace.o(.text)
    __rt_ctype_table                         0x08035b1d   Thumb Code    16  rt_ctype_table.o(.text)
    __rt_locale                              0x08035b2d   Thumb Code     8  rt_locale_intlibspace.o(.text)
    strcmp                                   0x08035b35   Thumb Code   128  strcmpv7m.o(.text)
    _is_digit                                0x08035bb5   Thumb Code    14  __printf_wp.o(i._is_digit)
    _get_lc_ctype                            0x08035bc5   Thumb Code    44  lc_ctype_c.o(locale$$code)
    _fp_init                                 0x08035bf1   Thumb Code    10  fpinit.o(x$fpl$fpinit)
    __fplib_config_fpu_vfp                   0x08035bf9   Thumb Code     0  fpinit.o(x$fpl$fpinit)
    __fplib_config_pureend_doubles           0x08035bf9   Thumb Code     0  fpinit.o(x$fpl$fpinit)
    memtblsize                               0x08035bfc   Data           8  malloc.o(.constdata)
    memblksize                               0x08035c04   Data           8  malloc.o(.constdata)
    memsize                                  0x08035c0c   Data           8  malloc.o(.constdata)
    t_rc                                     0x08035d20   Data          40  aestab.o(.constdata)
    t_fn                                     0x08035d48   Data        4096  aestab.o(.constdata)
    t_fl                                     0x08036d48   Data        4096  aestab.o(.constdata)
    t_im                                     0x08037d48   Data        4096  aestab.o(.constdata)
    Region$$Table$$Base                      0x0803948c   Number         0  anon$$obj.o(Region$$Table)
    Region$$Table$$Limit                     0x080394ac   Number         0  anon$$obj.o(Region$$Table)
    __ctype                                  0x080394b9   Data           0  lc_ctype_c.o(locale$$data)
    DMATxDescToSet                           0x20000010   Data           4  stm32f4x7_eth.o(.data)
    DMARxDescToGet                           0x20000014   Data           4  stm32f4x7_eth.o(.data)
    DMA_RX_FRAME_infos                       0x20000018   Data           4  stm32f4x7_eth.o(.data)
    Frame_Rx_index                           0x2000001c   Data           4  stm32f4x7_eth.o(.data)
    data1                                    0x20000024   Data           2  main.o(.data)
    data2                                    0x20000026   Data           2  main.o(.data)
    LocalTime                                0x20000028   Data           4  main.o(.data)
    SystemCoreClock                          0x2000002c   Data           4  system_stm32f4xx.o(.data)
    AHBPrescTable                            0x20000030   Data          16  system_stm32f4xx.o(.data)
    __stdout                                 0x20000040   Data           4  usart.o(.data)
    __stdin                                  0x20000044   Data           4  usart.o(.data)
    USART_RX_STA                             0x20000048   Data           2  usart.o(.data)
    mallco_dev                               0x2000004c   Data          28  malloc.o(.data)
    dev                                      0x20000168   Data           4  msapiinit.o(.data)
    ATUList                                  0x2000016c   Data           8  qdsim.o(.data)
    VTUList                                  0x20000174   Data           8  qdsim.o(.data)
    DEBUG_MSEC_WRITE                         0x2000027c   Data           4  msecfunc.o(.data)
    DEBUG_MSEC_READ                          0x20000280   Data           4  msecfunc.o(.data)
    DMARxDscrTab                             0x20000284   Data         160  stm32f4x7_eth.o(.bss)
    DMATxDscrTab                             0x20000324   Data         160  stm32f4x7_eth.o(.bss)
    Rx_Buff                                  0x200003c4   Data        7620  stm32f4x7_eth.o(.bss)
    Tx_Buff                                  0x20002188   Data        7620  stm32f4x7_eth.o(.bss)
    RX_Frame_Descriptor                      0x20003f4c   Data          12  stm32f4x7_eth.o(.bss)
    USART_RX_BUF                             0x20003f58   Data         200  usart.o(.bss)
    mem1base                                 0x20004020   Data       40960  malloc.o(.bss)
    mem1mapbase                              0x2000e020   Data        2560  malloc.o(.bss)
    cfg                                      0x2000ea20   Data          44  msapiinit.o(.bss)
    diagDev                                  0x2000ea4c   Data         280  msapiinit.o(.bss)
    qdSimRegs                                0x2000ebb4   Data        2048  qdsim.o(.bss)
    ATUNode                                  0x2000f3b4   Data       32768  qdsim.o(.bss)
    VTUNode                                  0x200173b4   Data        1792  qdsim.o(.bss)
    __libspace_start                         0x20017ab4   Data          96  libspace.o(.bss)
    __temporary_stack_top$libspace           0x20017b14   Data           0  libspace.o(.bss)
    mem2base                                 0x68000000   Data       196608  malloc.o(.ARM.__AT_0x68000000)
    mem2mapbase                              0x68030000   Data       12288  malloc.o(.ARM.__AT_0x68030000)



==============================================================================

Memory Map of the image

  Image Entry point : 0x08000189

  Load Region LR_IROM1 (Base: 0x08000000, Size: 0x00039840, Max: 0x00100000, ABSOLUTE, COMPRESSED[0x000396f8])

    Execution Region ER_IROM1 (Base: 0x08000000, Size: 0x000395bc, Max: 0x00100000, ABSOLUTE)

    Base Addr    Size         Type   Attr      Idx    E Section Name        Object

    0x08000000   0x00000188   Data   RO            3    RESET               startup_stm32f40xx.o
    0x08000188   0x00000008   Code   RO         2868  * !!!main             c_w.l(__main.o)
    0x08000190   0x00000034   Code   RO         3066    !!!scatter          c_w.l(__scatter.o)
    0x080001c4   0x00000064   Code   RO         3064    !!dclz77c           c_w.l(__dclz77c.o)
    0x08000228   0x0000001c   Code   RO         3068    !!handler_zi        c_w.l(__scatter_zi.o)
    0x08000244   0x00000000   Code   RO         2846    .ARM.Collect$$_printf_percent$$00000000  c_w.l(_printf_percent.o)
    0x08000244   0x00000006   Code   RO         2842    .ARM.Collect$$_printf_percent$$00000002  c_w.l(_printf_p.o)
    0x0800024a   0x0000000a   Code   RO         2880    .ARM.Collect$$_printf_percent$$00000007  c_w.l(_printf_ll.o)
    0x08000254   0x00000006   Code   RO         2843    .ARM.Collect$$_printf_percent$$00000008  c_w.l(_printf_i.o)
    0x0800025a   0x00000006   Code   RO         2844    .ARM.Collect$$_printf_percent$$00000009  c_w.l(_printf_d.o)
    0x08000260   0x00000006   Code   RO         2841    .ARM.Collect$$_printf_percent$$0000000C  c_w.l(_printf_x.o)
    0x08000266   0x00000006   Code   RO         2847    .ARM.Collect$$_printf_percent$$00000011  c_w.l(_printf_llx.o)
    0x0800026c   0x00000006   Code   RO         2839    .ARM.Collect$$_printf_percent$$00000013  c_w.l(_printf_c.o)
    0x08000272   0x00000006   Code   RO         2840    .ARM.Collect$$_printf_percent$$00000014  c_w.l(_printf_s.o)
    0x08000278   0x00000004   Code   RO         2879    .ARM.Collect$$_printf_percent$$00000017  c_w.l(_printf_percent_end.o)
    0x0800027c   0x00000002   Code   RO         2927    .ARM.Collect$$libinit$$00000000  c_w.l(libinit.o)
    0x0800027e   0x00000004   Code   RO         2935    .ARM.Collect$$libinit$$00000001  c_w.l(libinit2.o)
    0x08000282   0x00000000   Code   RO         2938    .ARM.Collect$$libinit$$00000004  c_w.l(libinit2.o)
    0x08000282   0x00000000   Code   RO         2941    .ARM.Collect$$libinit$$0000000A  c_w.l(libinit2.o)
    0x08000282   0x00000000   Code   RO         2943    .ARM.Collect$$libinit$$0000000C  c_w.l(libinit2.o)
    0x08000282   0x00000000   Code   RO         2945    .ARM.Collect$$libinit$$0000000E  c_w.l(libinit2.o)
    0x08000282   0x00000006   Code   RO         2946    .ARM.Collect$$libinit$$0000000F  c_w.l(libinit2.o)
    0x08000288   0x00000000   Code   RO         2948    .ARM.Collect$$libinit$$00000011  c_w.l(libinit2.o)
    0x08000288   0x0000000c   Code   RO         2949    .ARM.Collect$$libinit$$00000012  c_w.l(libinit2.o)
    0x08000294   0x00000000   Code   RO         2950    .ARM.Collect$$libinit$$00000013  c_w.l(libinit2.o)
    0x08000294   0x00000000   Code   RO         2952    .ARM.Collect$$libinit$$00000015  c_w.l(libinit2.o)
    0x08000294   0x00000000   Code   RO         2954    .ARM.Collect$$libinit$$00000017  c_w.l(libinit2.o)
    0x08000294   0x00000000   Code   RO         2956    .ARM.Collect$$libinit$$00000019  c_w.l(libinit2.o)
    0x08000294   0x00000000   Code   RO         2958    .ARM.Collect$$libinit$$0000001B  c_w.l(libinit2.o)
    0x08000294   0x00000000   Code   RO         2960    .ARM.Collect$$libinit$$0000001D  c_w.l(libinit2.o)
    0x08000294   0x00000000   Code   RO         2962    .ARM.Collect$$libinit$$0000001F  c_w.l(libinit2.o)
    0x08000294   0x00000000   Code   RO         2964    .ARM.Collect$$libinit$$00000021  c_w.l(libinit2.o)
    0x08000294   0x00000000   Code   RO         2966    .ARM.Collect$$libinit$$00000023  c_w.l(libinit2.o)
    0x08000294   0x00000000   Code   RO         2968    .ARM.Collect$$libinit$$00000025  c_w.l(libinit2.o)
    0x08000294   0x00000000   Code   RO         2972    .ARM.Collect$$libinit$$0000002C  c_w.l(libinit2.o)
    0x08000294   0x00000000   Code   RO         2974    .ARM.Collect$$libinit$$0000002E  c_w.l(libinit2.o)
    0x08000294   0x00000000   Code   RO         2976    .ARM.Collect$$libinit$$00000030  c_w.l(libinit2.o)
    0x08000294   0x00000000   Code   RO         2978    .ARM.Collect$$libinit$$00000032  c_w.l(libinit2.o)
    0x08000294   0x00000002   Code   RO         2979    .ARM.Collect$$libinit$$00000033  c_w.l(libinit2.o)
    0x08000296   0x00000002   Code   RO         3007    .ARM.Collect$$libshutdown$$00000000  c_w.l(libshutdown.o)
    0x08000298   0x00000000   Code   RO         3018    .ARM.Collect$$libshutdown$$00000003  c_w.l(libshutdown2.o)
    0x08000298   0x00000000   Code   RO         3021    .ARM.Collect$$libshutdown$$00000006  c_w.l(libshutdown2.o)
    0x08000298   0x00000000   Code   RO         3024    .ARM.Collect$$libshutdown$$00000009  c_w.l(libshutdown2.o)
    0x08000298   0x00000000   Code   RO         3026    .ARM.Collect$$libshutdown$$0000000B  c_w.l(libshutdown2.o)
    0x08000298   0x00000000   Code   RO         3029    .ARM.Collect$$libshutdown$$0000000E  c_w.l(libshutdown2.o)
    0x08000298   0x00000002   Code   RO         3030    .ARM.Collect$$libshutdown$$0000000F  c_w.l(libshutdown2.o)
    0x0800029a   0x00000000   Code   RO         2872    .ARM.Collect$$rtentry$$00000000  c_w.l(__rtentry.o)
    0x0800029a   0x00000000   Code   RO         2884    .ARM.Collect$$rtentry$$00000002  c_w.l(__rtentry2.o)
    0x0800029a   0x00000006   Code   RO         2896    .ARM.Collect$$rtentry$$00000004  c_w.l(__rtentry4.o)
    0x080002a0   0x00000000   Code   RO         2886    .ARM.Collect$$rtentry$$00000009  c_w.l(__rtentry2.o)
    0x080002a0   0x00000004   Code   RO         2887    .ARM.Collect$$rtentry$$0000000A  c_w.l(__rtentry2.o)
    0x080002a4   0x00000000   Code   RO         2889    .ARM.Collect$$rtentry$$0000000C  c_w.l(__rtentry2.o)
    0x080002a4   0x00000008   Code   RO         2890    .ARM.Collect$$rtentry$$0000000D  c_w.l(__rtentry2.o)
    0x080002ac   0x00000002   Code   RO         2931    .ARM.Collect$$rtexit$$00000000  c_w.l(rtexit.o)
    0x080002ae   0x00000000   Code   RO         2981    .ARM.Collect$$rtexit$$00000002  c_w.l(rtexit2.o)
    0x080002ae   0x00000004   Code   RO         2982    .ARM.Collect$$rtexit$$00000003  c_w.l(rtexit2.o)
    0x080002b2   0x00000006   Code   RO         2983    .ARM.Collect$$rtexit$$00000004  c_w.l(rtexit2.o)
    0x080002b8   0x00000040   Code   RO            4    .text               startup_stm32f40xx.o
    0x080002f8   0x000000e0   Code   RO           12    .text               misc.o
    0x080003d8   0x00000294   Code   RO          237    .text               stm32f4xx_gpio.o
    0x0800066c   0x0000065c   Code   RO          317    .text               stm32f4xx_rcc.o
    0x08000cc8   0x00000094   Code   RO          419    .text               stm32f4xx_syscfg.o
    0x08000d5c   0x00000454   Code   RO          459    .text               stm32f4xx_usart.o
    0x080011b0   0x000012dc   Code   RO          499    .text               stm32f4x7_eth.o
    0x0800248c   0x0000031c   Code   RO          534    .text               common.o
    0x080027a8   0x0000022c   Code   RO         1110    .text               main.o
    0x080029d4   0x00000020   Code   RO         1210    .text               stm32f4xx_it.o
    0x080029f4   0x00000210   Code   RO         1233    .text               system_stm32f4xx.o
    0x08002c04   0x000001b4   Code   RO         1259    .text               usart.o
    0x08002db8   0x00000234   Code   RO         1350    .text               malloc.o
    0x08002fec   0x00000278   Code   RO         1380    .text               stm32f4x7_eth_bsp.o
    0x08003264   0x00002798   Code   RO         1474    .text               gtbrgfdb.o
    0x080059fc   0x0000040c   Code   RO         1486    .text               gtbrgstp.o
    0x08005e08   0x000033f4   Code   RO         1573    .text               gtmisc.o
    0x080091fc   0x00001340   Code   RO         1640    .text               gtpirl.o
    0x0800a53c   0x0000126c   Code   RO         1652    .text               gtpirl2.o
    0x0800b7a8   0x000010a8   Code   RO         1664    .text               gtpirl3.o
    0x0800c850   0x000053a8   Code   RO         1688    .text               gtportctrl.o
    0x08011bf8   0x00000288   Code   RO         1712    .text               gtportpav.o
    0x08011e80   0x00001788   Code   RO         1832    .text               gtsysconfig.o
    0x08013608   0x00005f6c   Code   RO         1875    .text               gtsysctrl.o
    0x08019574   0x00000066   Code   RO         1911    .text               gtutils.o
    0x080195da   0x00000002   PAD
    0x080195dc   0x00000900   Code   RO         1962    .text               gtdrvconfig.o
    0x08019edc   0x00002fa8   Code   RO         1999    .text               gthwcntl.o
    0x0801ce84   0x00000af4   Code   RO         2024    .text               gtmiismiif.o
    0x0801d978   0x0000005e   Code   RO         2041    .text               gtsem.o
    0x0801d9d6   0x00000002   PAD
    0x0801d9d8   0x000001a4   Code   RO         2065    .text               ev96122mii.o
    0x0801db7c   0x000001c4   Code   RO         2090    .text               msapiinit.o
    0x0801dd40   0x000020e4   Code   RO         2122    .text               qdsim.o
    0x0801fe24   0x00001a18   Code   RO         2142    .text               madcpctrl.o
    0x0802183c   0x00000aa4   Code   RO         2212    .text               madint.o
    0x080222e0   0x000006a0   Code   RO         2346    .text               madsysconfig.o
    0x08022980   0x0000290c   Code   RO         2375    .text               madsysctrl.o
    0x0802528c   0x00000690   Code   RO         2525    .text               maddevconfig.o
    0x0802591c   0x00001388   Code   RO         2543    .text               maddrvconfig.o
    0x08026ca4   0x000012c4   Code   RO         2555    .text               madhwcntl.o
    0x08027f68   0x00000064   Code   RO         2567    .text               madutils.o
    0x08027fcc   0x0000005e   Code   RO         2603    .text               madsem.o
    0x0802802a   0x00000002   PAD
    0x0802802c   0x00000130   Code   RO         2615    .text               madsmiif.o
    0x0802815c   0x00000dcc   Code   RO         2634    .text               aescrypt.o
    0x08028f28   0x00000e80   Code   RO         2653    .text               aeskey.o
    0x08029da8   0x000069a0   Code   RO         2683    .text               msecapi.o
    0x08030748   0x000048d4   Code   RO         2708    .text               msecfunc.o
    0x0803501c   0x00000002   Code   RO         2782    .text               c_w.l(use_no_semi_2.o)
    0x0803501e   0x00000002   PAD
    0x08035020   0x00000018   Code   RO         2786    .text               c_w.l(noretval__2printf.o)
    0x08035038   0x0000004e   Code   RO         2790    .text               c_w.l(_printf_pad.o)
    0x08035086   0x00000052   Code   RO         2794    .text               c_w.l(_printf_str.o)
    0x080350d8   0x00000078   Code   RO         2796    .text               c_w.l(_printf_dec.o)
    0x08035150   0x00000094   Code   RO         2816    .text               c_w.l(_printf_hex_int_ll_ptr.o)
    0x080351e4   0x00000188   Code   RO         2836    .text               c_w.l(__printf_flags_ss_wp.o)
    0x0803536c   0x00000020   Code   RO         2848    .text               c_w.l(__0scanf.o)
    0x0803538c   0x000000e0   Code   RO         2850    .text               c_w.l(_scanf_str.o)
    0x0803546c   0x00000004   Code   RO         2852    .text               c_w.l(putc.o)
    0x08035470   0x00000064   Code   RO         2860    .text               c_w.l(rt_memcpy_w.o)
    0x080354d4   0x0000004e   Code   RO         2864    .text               c_w.l(rt_memclr_w.o)
    0x08035522   0x00000006   Code   RO         2866    .text               c_w.l(heapauxi.o)
    0x08035528   0x00000002   Code   RO         2870    .text               c_w.l(use_no_semi.o)
    0x0803552a   0x000000b2   Code   RO         2873    .text               c_w.l(_printf_intcommon.o)
    0x080355dc   0x0000002c   Code   RO         2875    .text               c_w.l(_printf_char.o)
    0x08035608   0x00000024   Code   RO         2877    .text               c_w.l(_printf_char_file.o)
    0x0803562c   0x00000018   Code   RO         2881    .text               c_w.l(scanf_char_file.o)
    0x08035644   0x00000030   Code   RO         2898    .text               c_w.l(_printf_char_common.o)
    0x08035674   0x0000002c   Code   RO         2900    .text               c_w.l(scanf_char.o)
    0x080356a0   0x00000048   Code   RO         2902    .text               c_w.l(backspace.o)
    0x080356e8   0x00000008   Code   RO         2904    .text               c_w.l(ferror.o)
    0x080356f0   0x0000004a   Code   RO         2910    .text               c_w.l(sys_stackheap_outer.o)
    0x0803573a   0x00000012   Code   RO         2912    .text               c_w.l(isspace.o)
    0x0803574c   0x00000374   Code   RO         2916    .text               c_w.l(_scanf.o)
    0x08035ac0   0x00000048   Code   RO         2918    .text               c_w.l(ungetc.o)
    0x08035b08   0x0000000c   Code   RO         2920    .text               c_w.l(exit.o)
    0x08035b14   0x00000008   Code   RO         2928    .text               c_w.l(libspace.o)
    0x08035b1c   0x00000010   Code   RO         2933    .text               c_w.l(rt_ctype_table.o)
    0x08035b2c   0x00000008   Code   RO         2990    .text               c_w.l(rt_locale_intlibspace.o)
    0x08035b34   0x00000080   Code   RO         2999    .text               c_w.l(strcmpv7m.o)
    0x08035bb4   0x0000000e   Code   RO         2829    i._is_digit         c_w.l(__printf_wp.o)
    0x08035bc2   0x00000002   PAD
    0x08035bc4   0x0000002c   Code   RO         2993    locale$$code        c_w.l(lc_ctype_c.o)
    0x08035bf0   0x0000000a   Code   RO         2997    x$fpl$fpinit        fz_wm.l(fpinit.o)
    0x08035bfa   0x00000002   PAD
    0x08035bfc   0x00000018   Data   RO         1354    .constdata          malloc.o
    0x08035c14   0x0000010c   Data   RO         2143    .constdata          madcpctrl.o
    0x08035d20   0x00003028   Data   RO         2666    .constdata          aestab.o
    0x08038d48   0x00000028   Data   RO         2817    .constdata          c_w.l(_printf_hex_int_ll_ptr.o)
    0x08038d70   0x00000011   Data   RO         2837    .constdata          c_w.l(__printf_flags_ss_wp.o)
    0x08038d81   0x00000003   PAD
    0x08038d84   0x0000011b   Data   RO          501    .conststring        stm32f4x7_eth.o
    0x08038e9f   0x00000001   PAD
    0x08038ea0   0x000003de   Data   RO         2000    .conststring        gthwcntl.o
    0x0803927e   0x00000002   PAD
    0x08039280   0x0000008f   Data   RO         2025    .conststring        gtmiismiif.o
    0x0803930f   0x00000001   PAD
    0x08039310   0x00000097   Data   RO         2124    .conststring        qdsim.o
    0x080393a7   0x00000001   PAD
    0x080393a8   0x000000e3   Data   RO         2616    .conststring        madsmiif.o
    0x0803948b   0x00000001   PAD
    0x0803948c   0x00000020   Data   RO         3062    Region$$Table       anon$$obj.o
    0x080394ac   0x00000110   Data   RO         2992    locale$$data        c_w.l(lc_ctype_c.o)


    Execution Region RW_IRAM1 (Base: 0x20000000, Size: 0x00018118, Max: 0x00020000, ABSOLUTE, COMPRESSED[0x0000013c])

    Base Addr    Size         Type   Attr      Idx    E Section Name        Object

    0x20000000   0x00000010   Data   RW          318    .data               stm32f4xx_rcc.o
    0x20000010   0x00000010   Data   RW          502    .data               stm32f4x7_eth.o
    0x20000020   0x00000004   Data   RW          535    .data               common.o
    0x20000024   0x00000008   Data   RW         1111    .data               main.o
    0x2000002c   0x00000014   Data   RW         1234    .data               system_stm32f4xx.o
    0x20000040   0x0000000a   Data   RW         1261    .data               usart.o
    0x2000004a   0x00000002   PAD
    0x2000004c   0x0000001c   Data   RW         1355    .data               malloc.o
    0x20000068   0x00000100   Data   RW         1833    .data               gtsysconfig.o
    0x20000168   0x00000004   Data   RW         2092    .data               msapiinit.o
    0x2000016c   0x00000010   Data   RW         2125    .data               qdsim.o
    0x2000017c   0x00000100   Data   RW         2347    .data               madsysconfig.o
    0x2000027c   0x00000008   Data   RW         2709    .data               msecfunc.o
    0x20000284   0x00003cd4   Zero   RW          500    .bss                stm32f4x7_eth.o
    0x20003f58   0x000000c8   Zero   RW         1260    .bss                usart.o
    0x20004020   0x0000aa00   Zero   RW         1353    .bss                malloc.o
    0x2000ea20   0x00000144   Zero   RW         2091    .bss                msapiinit.o
    0x2000eb64   0x00008f50   Zero   RW         2123    .bss                qdsim.o
    0x20017ab4   0x00000060   Zero   RW         2929    .bss                c_w.l(libspace.o)
    0x20017b14   0x00000004   PAD
    0x20017b18   0x00000200   Zero   RW            2    HEAP                startup_stm32f40xx.o
    0x20017d18   0x00000400   Zero   RW            1    STACK               startup_stm32f40xx.o



  Load Region LR$$.ARM.__AT_0x68000000 (Base: 0x68000000, Size: 0x00000000, Max: 0x00030000, ABSOLUTE)

    Execution Region ER$$.ARM.__AT_0x68000000 (Base: 0x68000000, Size: 0x00030000, Max: 0x00030000, ABSOLUTE, UNINIT)

    Base Addr    Size         Type   Attr      Idx    E Section Name        Object

    0x68000000   0x00030000   Zero   RW         1351    .ARM.__AT_0x68000000  malloc.o



  Load Region LR$$.ARM.__AT_0x68030000 (Base: 0x68030000, Size: 0x00000000, Max: 0x00003000, ABSOLUTE)

    Execution Region ER$$.ARM.__AT_0x68030000 (Base: 0x68030000, Size: 0x00003000, Max: 0x00003000, ABSOLUTE, UNINIT)

    Base Addr    Size         Type   Attr      Idx    E Section Name        Object

    0x68030000   0x00003000   Zero   RW         1352    .ARM.__AT_0x68030000  malloc.o


==============================================================================

Image component sizes


      Code (inc. data)   RO Data    RW Data    ZI Data      Debug   Object Name

      3532         82          0          0          0       3134   aescrypt.o
      3712         82          0          0          0       3755   aeskey.o
         0          0      12328          0          0        858   aestab.o
       796         40          0          4          0       4574   common.o
         0          0          0          0          0        728   ethernetif.o
       420          8          0          0          0      59286   ev96122mii.o
         0          0          0          0          0     142184   gtadvvct.o
     10136       1618          0          0          0      21525   gtbrgfdb.o
      1036        224          0          0          0       2732   gtbrgstp.o
      2304        366          0          0          0      61435   gtdrvconfig.o
     12200       3106        990          0          0      26880   gthwcntl.o
      2804        820        143          0          0       4478   gtmiismiif.o
     13300       2818          0          0          0      34008   gtmisc.o
      4928        736          0          0          0      11623   gtpirl.o
      4716        798          0          0          0      11277   gtpirl2.o
      4264        552          0          0          0      11221   gtpirl3.o
     21416       4248          0          0          0      60396   gtportctrl.o
       648        158          0          0          0       2584   gtportpav.o
        94          0          0          0          0       1402   gtsem.o
      6024       1456          0        256          0      87913   gtsysconfig.o
     24428       5092          0          0          0      64037   gtsysctrl.o
       102          0          0          0          0       1770   gtutils.o
      6680       1352        268          0          0      38712   madcpctrl.o
      1680        708          0          0          0      28124   maddevconfig.o
      5000        728          0          0          0       8250   maddrvconfig.o
      4804        914          0          0          0      11547   madhwcntl.o
      2724        446          0          0          0       6428   madint.o
        94          0          0          0          0       1406   madsem.o
       304         50        227          0          0      28802   madsmiif.o
      1696        790          0        256          0       3972   madsysconfig.o
     10508       2202          0          0          0      23752   madsysctrl.o
       100          0          0          0          0       1538   madutils.o
       556        288          0          8          0      10571   main.o
       564         18         24         28     252416       4624   malloc.o
       224         20          0          0          0     263881   misc.o
       452        230          0          4        324       1108   msapiinit.o
     27040       2404          0          0          0      92064   msecapi.o
     18644       8280          0          8          0      30330   msecfunc.o
      8420        564        151         16      36688      17456   qdsim.o
        64         26        392          0       1536        844   startup_stm32f40xx.o
      4828        494        283         16      15572      57133   stm32f4x7_eth.o
       632         88          0          0          0      27848   stm32f4x7_eth_bsp.o
       660         44          0          0          0       4197   stm32f4xx_gpio.o
        32          0          0          0          0       1354   stm32f4xx_it.o
      1628         52          0         16          0      12996   stm32f4xx_rcc.o
       148         12          0          0          0       1885   stm32f4xx_syscfg.o
      1108         34          0          0          0       7900   stm32f4xx_usart.o
       528         46          0         20          0       1783   system_stm32f4xx.o
       436         22          0         10        200       3773   usart.o

    ----------------------------------------------------------------------
    216420      42016      14844        644     306736    1310078   Object Totals
         0          0         32          0          0          0   (incl. Generated)
         6          0          6          2          0          0   (incl. Padding)

    ----------------------------------------------------------------------

      Code (inc. data)   RO Data    RW Data    ZI Data      Debug   Library Member Name

        32          6          0          0          0         84   __0scanf.o
       100          0          0          0          0          0   __dclz77c.o
         8          0          0          0          0         68   __main.o
       392          4         17          0          0         92   __printf_flags_ss_wp.o
        14          0          0          0          0         68   __printf_wp.o
         0          0          0          0          0          0   __rtentry.o
        12          0          0          0          0          0   __rtentry2.o
         6          0          0          0          0          0   __rtentry4.o
        52          8          0          0          0          0   __scatter.o
        28          0          0          0          0          0   __scatter_zi.o
         6          0          0          0          0          0   _printf_c.o
        44          0          0          0          0        108   _printf_char.o
        48          6          0          0          0         96   _printf_char_common.o
        36          4          0          0          0         80   _printf_char_file.o
         6          0          0          0          0          0   _printf_d.o
       120         16          0          0          0         92   _printf_dec.o
       148          4         40          0          0        160   _printf_hex_int_ll_ptr.o
         6          0          0          0          0          0   _printf_i.o
       178          0          0          0          0         88   _printf_intcommon.o
        10          0          0          0          0          0   _printf_ll.o
         6          0          0          0          0          0   _printf_llx.o
         6          0          0          0          0          0   _printf_p.o
        78          0          0          0          0        108   _printf_pad.o
         0          0          0          0          0          0   _printf_percent.o
         4          0          0          0          0          0   _printf_percent_end.o
         6          0          0          0          0          0   _printf_s.o
        82          0          0          0          0         80   _printf_str.o
         6          0          0          0          0          0   _printf_x.o
       884          6          0          0          0        100   _scanf.o
       224          0          0          0          0         96   _scanf_str.o
        72          0          0          0          0         92   backspace.o
        12          0          0          0          0         72   exit.o
         8          0          0          0          0         68   ferror.o
         6          0          0          0          0        152   heapauxi.o
        18          0          0          0          0         76   isspace.o
        44         10        272          0          0         76   lc_ctype_c.o
         2          0          0          0          0          0   libinit.o
        24          0          0          0          0          0   libinit2.o
         2          0          0          0          0          0   libshutdown.o
         2          0          0          0          0          0   libshutdown2.o
         8          4          0          0         96         68   libspace.o
        24          4          0          0          0         84   noretval__2printf.o
         4          0          0          0          0         68   putc.o
        16          4          0          0          0         76   rt_ctype_table.o
         8          4          0          0          0         68   rt_locale_intlibspace.o
        78          0          0          0          0         80   rt_memclr_w.o
       100          0          0          0          0         80   rt_memcpy_w.o
         2          0          0          0          0          0   rtexit.o
        10          0          0          0          0          0   rtexit2.o
        44          8          0          0          0         84   scanf_char.o
        24          8          0          0          0         68   scanf_char_file.o
       128          0          0          0          0         68   strcmpv7m.o
        74          0          0          0          0         80   sys_stackheap_outer.o
        72         12          0          0          0         68   ungetc.o
         2          0          0          0          0         68   use_no_semi.o
         2          0          0          0          0         68   use_no_semi_2.o
        10          0          0          0          0        116   fpinit.o

    ----------------------------------------------------------------------
      3344        108        332          0        100       3000   Library Totals
         6          0          3          0          4          0   (incl. Padding)

    ----------------------------------------------------------------------

      Code (inc. data)   RO Data    RW Data    ZI Data      Debug   Library Name

      3328        108        329          0         96       2884   c_w.l
        10          0          0          0          0        116   fz_wm.l

    ----------------------------------------------------------------------
      3344        108        332          0        100       3000   Library Totals

    ----------------------------------------------------------------------

==============================================================================


      Code (inc. data)   RO Data    RW Data    ZI Data      Debug   

    219764      42124      15176        644     306836    1303718   Grand Totals
    219764      42124      15176        316     306836    1303718   ELF Image Totals (compressed)
    219764      42124      15176        316          0          0   ROM Totals

==============================================================================

    Total RO  Size (Code + RO Data)               234940 ( 229.43kB)
    Total RW  Size (RW Data + ZI Data)            307480 ( 300.27kB)
    Total ROM Size (Code + RO Data + RW Data)     235256 ( 229.74kB)

==============================================================================

